ARM Linker, 4.1 [Build 644] [Standard]

==============================================================================

Section Cross References

    main.o(.text) refers to _printf_pad.o(.text) for _printf_pre_padding
    main.o(.text) refers to _printf_percent.o(.ARM.Collect$$_printf_percent$$00000000) for _printf_percent
    main.o(.text) refers to _printf_d.o(.ARM.Collect$$_printf_percent$$00000009) for _printf_d
    main.o(.text) refers to _printf_dec.o(.text) for _printf_int_dec
    main.o(.text) refers to _printf_x.o(.ARM.Collect$$_printf_percent$$0000000C) for _printf_x
    main.o(.text) refers to _printf_hex_int.o(.text) for _printf_longlong_hex
    main.o(.text) refers to _printf_s.o(.ARM.Collect$$_printf_percent$$00000014) for _printf_s
    main.o(.text) refers to _printf_str.o(.text) for _printf_str
    main.o(.text) refers to usart.o(.text) for send_byte_to_usart5
    main.o(.text) refers to crc16.o(.text) for getCRC16_LowFirst
    main.o(.text) refers to dataflash.o(.text) for Flash_Read
    main.o(.text) refers to delay.o(.text) for delay_init
    main.o(.text) refers to sys.o(.text) for NVIC_Configuration
    main.o(.text) refers to led.o(.text) for LED_Init
    main.o(.text) refers to key.o(.text) for KEY_Init
    main.o(.text) refers to sd_card.o(.text) for SD_init
    main.o(.text) refers to stm32f10x_gpio.o(.text) for GPIO_SetBits
    main.o(.text) refers to rt_memcpy_w.o(.text) for __aeabi_memcpy4
    main.o(.text) refers to rtc.o(.text) for RTC_Init
    main.o(.text) refers to noretval__2printf.o(.text) for __2printf
    main.o(.text) refers to ds18b20.o(.text) for DS18B20_Init
    main.o(.text) refers to calib.o(.text) for Volt2Distance
    main.o(.text) refers to noretval__2sprintf.o(.text) for __2sprintf
    main.o(.text) refers to files_sd.o(.text) for write_string_to_files
    main.o(.text) refers to calib.o(.bss) for IndCalib
    main.o(.text) refers to main.o(.data) for g_Pa
    main.o(.text) refers to main.o(.bss) for dateSendtoPC
    main.o(.text) refers to main.o(.constdata) for .constdata
    main.o(.text) refers to usart.o(.data) for PC_Wcmd
    system_stm32f10x.o(.text) refers to system_stm32f10x.o(.data) for SystemCoreClock
    led.o(.text) refers to stm32f10x_rcc.o(.text) for RCC_APB2PeriphClockCmd
    led.o(.text) refers to stm32f10x_gpio.o(.text) for GPIO_Init
    key.o(.text) refers to stm32f10x_rcc.o(.text) for RCC_APB2PeriphClockCmd
    key.o(.text) refers to stm32f10x_gpio.o(.text) for GPIO_Init
    key.o(.text) refers to delay.o(.text) for delay_ms
    key.o(.text) refers to key.o(.data) for key_up
    ds18b20.o(.text) refers to stm32f10x_rcc.o(.text) for RCC_APB2PeriphClockCmd
    ds18b20.o(.text) refers to stm32f10x_gpio.o(.text) for GPIO_Init
    ds18b20.o(.text) refers to delay.o(.text) for delay_us
    ds18b20.o(.text) refers to fflt_clz.o(x$fpl$fflt) for __aeabi_i2f
    ds18b20.o(.text) refers to f2d.o(x$fpl$f2d) for __aeabi_f2d
    ds18b20.o(.text) refers to dmul.o(x$fpl$dmul) for __aeabi_dmul
    ds18b20.o(.text) refers to d2f.o(x$fpl$d2f) for __aeabi_d2f
    ds18b20.o(.text) refers to dflt_clz.o(x$fpl$dflt) for __aeabi_i2d
    ds18b20.o(.text) refers to fmul.o(x$fpl$fmul) for __aeabi_fmul
    ds18b20.o(.text) refers to ffix.o(x$fpl$ffix) for __aeabi_f2iz
    rtc.o(.text) refers to mktime.o(.text) for mktime
    rtc.o(.text) refers to stm32f10x_rcc.o(.text) for RCC_APB1PeriphClockCmd
    rtc.o(.text) refers to stm32f10x_pwr.o(.text) for PWR_BackupAccessCmd
    rtc.o(.text) refers to stm32f10x_bkp.o(.text) for BKP_DeInit
    rtc.o(.text) refers to stm32f10x_rtc.o(.text) for RTC_WaitForSynchro
    rtc.o(.text) refers to rt_memcpy_w.o(.text) for __aeabi_memcpy4
    rtc.o(.text) refers to misc.o(.text) for NVIC_PriorityGroupConfig
    rtc.o(.text) refers to localtime.o(.text) for localtime
    timer.o(.text) refers to stm32f10x_rcc.o(.text) for RCC_APB2PeriphClockCmd
    timer.o(.text) refers to stm32f10x_gpio.o(.text) for GPIO_StructInit
    timer.o(.text) refers to stm32f10x_tim.o(.text) for TIM_DeInit
    sd_card.o(.text) refers to usart.o(.text) for send_buf_to_usart3
    sd_card.o(.text) refers to stm32f10x_gpio.o(.text) for GPIO_Init
    sd_card.o(.text) refers to sd_card.o(.data) for Cmd_header
    sd_card.o(.text) refers to sd_card.o(.bss) for Temp_data
    files_sd.o(.text) refers to _printf_pad.o(.text) for _printf_pre_padding
    files_sd.o(.text) refers to _printf_percent.o(.ARM.Collect$$_printf_percent$$00000000) for _printf_percent
    files_sd.o(.text) refers to _printf_d.o(.ARM.Collect$$_printf_percent$$00000009) for _printf_d
    files_sd.o(.text) refers to _printf_dec.o(.text) for _printf_int_dec
    files_sd.o(.text) refers to sd_card.o(.text) for SD_read_system
    files_sd.o(.text) refers to rtc.o(.text) for Time_GetTime
    files_sd.o(.text) refers to noretval__2sprintf.o(.text) for __2sprintf
    files_sd.o(.text) refers to stm32f10x_gpio.o(.text) for GPIO_ReadInputDataBit
    files_sd.o(.text) refers to strlen.o(.text) for strlen
[...]
    !!!scatter                               0x08000138   Section       52  __scatter.o(!!!scatter)
    !!handler_copy                           0x0800016c   Section       26  __scatter_copy.o(!!handler_copy)
    !!handler_zi                             0x08000188   Section       28  __scatter_zi.o(!!handler_zi)
    .ARM.Collect$$_printf_percent$$00000000  0x080001a4   Section        0  _printf_percent.o(.ARM.Collect$$_printf_percent$$00000000)
    .ARM.Collect$$_printf_percent$$00000009  0x080001a4   Section        6  _printf_d.o(.ARM.Collect$$_printf_percent$$00000009)
    .ARM.Collect$$_printf_percent$$0000000C  0x080001aa   Section        6  _printf_x.o(.ARM.Collect$$_printf_percent$$0000000C)
    .ARM.Collect$$_printf_percent$$00000014  0x080001b0   Section        6  _printf_s.o(.ARM.Collect$$_printf_percent$$00000014)
    .ARM.Collect$$_printf_percent$$00000017  0x080001b6   Section        4  _printf_percent_end.o(.ARM.Collect$$_printf_percent$$00000017)
    .ARM.Collect$$libinit$$00000000          0x080001ba   Section        6  libinit.o(.ARM.Collect$$libinit$$00000000)
    .ARM.Collect$$libinit$$00000006          0x080001c0   Section        0  libinit2.o(.ARM.Collect$$libinit$$00000006)
    .ARM.Collect$$libinit$$00000008          0x080001c0   Section        0  libinit2.o(.ARM.Collect$$libinit$$00000008)
    .ARM.Collect$$libinit$$0000000A          0x080001c0   Section        0  libinit2.o(.ARM.Collect$$libinit$$0000000A)
    .ARM.Collect$$libinit$$0000000B          0x080001c0   Section        6  libinit2.o(.ARM.Collect$$libinit$$0000000B)
    .ARM.Collect$$libinit$$0000000D          0x080001c6   Section        0  libinit2.o(.ARM.Collect$$libinit$$0000000D)
    .ARM.Collect$$libinit$$0000000E          0x080001c6   Section       12  libinit2.o(.ARM.Collect$$libinit$$0000000E)
    .ARM.Collect$$libinit$$0000000F          0x080001d2   Section        0  libinit2.o(.ARM.Collect$$libinit$$0000000F)
    .ARM.Collect$$libinit$$00000011          0x080001d2   Section        0  libinit2.o(.ARM.Collect$$libinit$$00000011)
    .ARM.Collect$$libinit$$00000013          0x080001d2   Section        0  libinit2.o(.ARM.Collect$$libinit$$00000013)
    .ARM.Collect$$libinit$$00000015          0x080001d2   Section        0  libinit2.o(.ARM.Collect$$libinit$$00000015)
    .ARM.Collect$$libinit$$00000017          0x080001d2   Section        0  libinit2.o(.ARM.Collect$$libinit$$00000017)
    .ARM.Collect$$libinit$$00000019          0x080001d2   Section        0  libinit2.o(.ARM.Collect$$libinit$$00000019)
    .ARM.Collect$$libinit$$0000001B          0x080001d2   Section        0  libinit2.o(.ARM.Collect$$libinit$$0000001B)
    .ARM.Collect$$libinit$$0000001D          0x080001d2   Section        0  libinit2.o(.ARM.Collect$$libinit$$0000001D)
    .ARM.Collect$$libinit$$0000001F          0x080001d2   Section        0  libinit2.o(.ARM.Collect$$libinit$$0000001F)
    .ARM.Collect$$libinit$$00000021          0x080001d2   Section        0  libinit2.o(.ARM.Collect$$libinit$$00000021)
    .ARM.Collect$$libinit$$00000028          0x080001d2   Section        0  libinit2.o(.ARM.Collect$$libinit$$00000028)
    .ARM.Collect$$libinit$$0000002A          0x080001d2   Section        0  libinit2.o(.ARM.Collect$$libinit$$0000002A)
    .ARM.Collect$$libinit$$0000002C          0x080001d2   Section        0  libinit2.o(.ARM.Collect$$libinit$$0000002C)
    .ARM.Collect$$libinit$$0000002E          0x080001d2   Section        0  libinit2.o(.ARM.Collect$$libinit$$0000002E)
    .ARM.Collect$$libinit$$0000002F          0x080001d2   Section        2  libinit2.o(.ARM.Collect$$libinit$$0000002F)
    .ARM.Collect$$libshutdown$$00000000      0x080001d4   Section        2  libshutdown.o(.ARM.Collect$$libshutdown$$00000000)
    .ARM.Collect$$libshutdown$$00000003      0x080001d6   Section        0  libshutdown2.o(.ARM.Collect$$libshutdown$$00000003)
    .ARM.Collect$$libshutdown$$00000006      0x080001d6   Section        0  libshutdown2.o(.ARM.Collect$$libshutdown$$00000006)
    .ARM.Collect$$libshutdown$$00000009      0x080001d6   Section        0  libshutdown2.o(.ARM.Collect$$libshutdown$$00000009)
    .ARM.Collect$$libshutdown$$0000000B      0x080001d6   Section        0  libshutdown2.o(.ARM.Collect$$libshutdown$$0000000B)
    .ARM.Collect$$libshutdown$$0000000E      0x080001d6   Section        0  libshutdown2.o(.ARM.Collect$$libshutdown$$0000000E)
    .ARM.Collect$$libshutdown$$0000000F      0x080001d6   Section        2  libshutdown2.o(.ARM.Collect$$libshutdown$$0000000F)
    .ARM.Collect$$rtentry$$00000000          0x080001d8   Section        0  rtentry.o(.ARM.Collect$$rtentry$$00000000)
    .ARM.Collect$$rtentry$$00000002          0x080001d8   Section        0  rtentry2.o(.ARM.Collect$$rtentry$$00000002)
    .ARM.Collect$$rtentry$$00000004          0x080001d8   Section        6  rtentry4.o(.ARM.Collect$$rtentry$$00000004)
    .ARM.Collect$$rtentry$$00000009          0x080001de   Section        0  rtentry2.o(.ARM.Collect$$rtentry$$00000009)
    .ARM.Collect$$rtentry$$0000000A          0x080001de   Section        4  rtentry2.o(.ARM.Collect$$rtentry$$0000000A)
    .ARM.Collect$$rtentry$$0000000C          0x080001e2   Section        0  rtentry2.o(.ARM.Collect$$rtentry$$0000000C)
    .ARM.Collect$$rtentry$$0000000D          0x080001e2   Section        8  rtentry2.o(.ARM.Collect$$rtentry$$0000000D)
    .ARM.Collect$$rtexit$$00000000           0x080001ea   Section        2  rtexit.o(.ARM.Collect$$rtexit$$00000000)
    .ARM.Collect$$rtexit$$00000002           0x080001ec   Section        0  rtexit2.o(.ARM.Collect$$rtexit$$00000002)
    .ARM.Collect$$rtexit$$00000003           0x080001ec   Section        4  rtexit2.o(.ARM.Collect$$rtexit$$00000003)
    .ARM.Collect$$rtexit$$00000004           0x080001f0   Section        6  rtexit2.o(.ARM.Collect$$rtexit$$00000004)
    .text                                    0x080001f8   Section        0  main.o(.text)
    .text                                    0x080009e0   Section        0  stm32f10x_it.o(.text)
    .text                                    0x080009fc   Section        0  system_stm32f10x.o(.text)
    SetSysClockTo72                          0x080009fd   Thumb Code   210  system_stm32f10x.o(.text)
    SetSysClock                              0x08000acf   Thumb Code     8  system_stm32f10x.o(.text)
    .text                                    0x08000bf4   Section        0  led.o(.text)
    .text                                    0x08000d50   Section        0  key.o(.text)
    .text                                    0x08000e5c   Section        0  ds18b20.o(.text)
    .text                                    0x08001110   Section        0  rtc.o(.text)
    RTC_Configuration                        0x08001141   Thumb Code    80  rtc.o(.text)
    NVIC_Configuration_RTC                   0x080011d9   Thumb Code    50  rtc.o(.text)
    .text                                    0x080012c4   Section        0  sd_card.o(.text)
    .text                                    0x080015c4   Section        0  files_sd.o(.text)
    .text                                    0x0800183c   Section        0  delay.o(.text)
    .text                                    0x08001910   Section        0  sys.o(.text)
    .text                                    0x0800191c   Section        0  usart.o(.text)
    .text                                    0x08002604   Section        0  crc16.o(.text)
    .text                                    0x08002684   Section        0  dataflash.o(.text)
    .text                                    0x080027f8   Section        0  calib.o(.text)
    .text                                    0x08002958   Section       64  startup_stm32f10x_hd.o(.text)
    .text                                    0x08002998   Section        0  misc.o(.text)
    .text                                    0x08002ab0   Section        0  stm32f10x_gpio.o(.text)
    .text                                    0x08002ec8   Section        0  stm32f10x_rcc.o(.text)
    .text                                    0x0800336c   Section        0  stm32f10x_usart.o(.text)
    .text                                    0x08003868   Section        0  stm32f10x_bkp.o(.text)
    .text                                    0x08003954   Section        0  stm32f10x_rtc.o(.text)
    .text                                    0x08003af8   Section        0  stm32f10x_pwr.o(.text)
    .text                                    0x08003bf8   Section        0  stm32f10x_flash.o(.text)
    .text                                    0x080042bc   Section        2  use_no_semi_2.o(.text)
    .text                                    0x080042c0   Section        0  noretval__2printf.o(.text)
    .text                                    0x080042d8   Section        0  noretval__2sprintf.o(.text)
    .text                                    0x08004300   Section        0  _printf_pad.o(.text)
    .text                                    0x08004350   Section        0  _printf_str.o(.text)
    .text                                    0x080043a4   Section        0  _printf_dec.o(.text)
    .text                                    0x0800441c   Section        0  _printf_hex_int.o(.text)
    .text                                    0x08004478   Section        0  __printf_flags_wp.o(.text)
    .text                                    0x080045bc   Section        0  atoi.o(.text)
    .text                                    0x080045d8   Section        0  strtok.o(.text)
    .text                                    0x080045e4   Section        0  strlen.o(.text)
    .text                                    0x08004622   Section      100  rt_memcpy_w.o(.text)
    .text                                    0x08004686   Section       68  rt_memclr.o(.text)
    .text                                    0x080046cc   Section        0  localtime.o(.text)
    .text                                    0x080046d8   Section        0  mktime.o(.text)
    _tm_carry                                0x080046d9   Thumb Code    54  mktime.o(.text)
    .text                                    0x08004878   Section        0  heapauxi.o(.text)
    .text                                    0x0800487e   Section        2  use_no_semi.o(.text)
    .text                                    0x08004880   Section        8  rt_errno_addr_intlibspace.o(.text)
    .text                                    0x08004888   Section        0  _printf_intcommon.o(.text)
    .text                                    0x08004940   Section        0  _printf_char_common.o(.text)
    _printf_input_char                       0x08004941   Thumb Code    10  _printf_char_common.o(.text)
    .text                                    0x08004970   Section        0  _sputc.o(.text)
    .text                                    0x0800497a   Section        0  _printf_char.o(.text)
    .text                                    0x080049a8   Section        0  _printf_char_file.o(.text)
    .text                                    0x080049cc   Section        0  strtol.o(.text)
    .text                                    0x08004a3c   Section        0  strtok_int.o(.text)
    .text                                    0x08004a84   Section       78  rt_memclr_w.o(.text)
    .text                                    0x08004ad4   Section        0  localtime_internal.o(.text)
    .text                                    0x08004b78   Section        8  libspace.o(.text)
    .text                                    0x08004b80   Section       16  rt_ctype_table.o(.text)
    .text                                    0x08004b90   Section        0  _strtoul.o(.text)
    .text                                    0x08004c2e   Section        0  ferror.o(.text)
    .text                                    0x08004c36   Section        0  strcspn.o(.text)
    .text                                    0x08004c56   Section        0  strspn.o(.text)
    .text                                    0x08004c72   Section       74  sys_stackheap_outer.o(.text)
    .text                                    0x08004cbc   Section        8  rt_locale_intlibspace.o(.text)
    .text                                    0x08004cc4   Section        0  _chval.o(.text)
    .text                                    0x08004ce4   Section        0  exit.o(.text)
    .text                                    0x08004cf0   Section      128  strcmpv7m.o(.text)
    .text                                    0x08004d70   Section        8  rt_fp_status_addr_intlibspace.o(.text)
    i._is_digit                              0x08004d78   Section        0  __printf_wp.o(i._is_digit)
    locale$$code                             0x08004d88   Section       44  lc_ctype_c.o(locale$$code)
    x$fpl$d2f                                0x08004db4   Section       98  d2f.o(x$fpl$d2f)
    x$fpl$dflt                               0x08004e16   Section       46  dflt_clz.o(x$fpl$dflt)
    x$fpl$dmul                               0x08004e44   Section      340  dmul.o(x$fpl$dmul)
    x$fpl$dnaninf                            0x08004f98   Section      156  dnaninf.o(x$fpl$dnaninf)
    x$fpl$dretinf                            0x08005034   Section       12  dretinf.o(x$fpl$dretinf)
    x$fpl$f2d                                0x08005040   Section       86  f2d.o(x$fpl$f2d)
    x$fpl$ffix                               0x08005098   Section       54  ffix.o(x$fpl$ffix)
    x$fpl$fflt                               0x080050d0   Section       48  fflt_clz.o(x$fpl$fflt)
    x$fpl$fmul                               0x08005100   Section      258  fmul.o(x$fpl$fmul)
    x$fpl$fnaninf                            0x08005202   Section      140  fnaninf.o(x$fpl$fnaninf)
    x$fpl$fpinit                             0x0800528e   Section       14  fpinit.o(x$fpl$fpinit)
    x$fpl$fretinf                            0x0800529c   Section       10  fretinf.o(x$fpl$fretinf)
    x$fpl$usenofp                            0x080052a6   Section        0  usenofp.o(x$fpl$usenofp)
    .constdata                               0x080052a8   Section      204  main.o(.constdata)
    .constdata                               0x08005374   Section      512  crc16.o(.constdata)
    .constdata                               0x08005574   Section       40  _printf_hex_int.o(.constdata)
    uc_hextab                                0x08005574   Data          20  _printf_hex_int.o(.constdata)
    lc_hextab                                0x08005588   Data          20  _printf_hex_int.o(.constdata)
    .constdata                               0x0800559c   Section       17  __printf_flags_wp.o(.constdata)
    maptable                                 0x0800559c   Data          17  __printf_flags_wp.o(.constdata)
    .constdata                               0x080055ad   Section       12  _monlen.o(.constdata)
    locale$$data                             0x080055dc   Section      272  lc_ctype_c.o(locale$$data)
    __lcctype_c_name                         0x080055e0   Data           2  lc_ctype_c.o(locale$$data)
    __lcctype_c_start                        0x080055e8   Data           0  lc_ctype_c.o(locale$$data)
    __lcctype_c_end                          0x080056ec   Data           0  lc_ctype_c.o(locale$$data)
    .data                                    0x20000000   Section       43  main.o(.data)
    .data                                    0x2000002c   Section       20  system_stm32f10x.o(.data)
    .data                                    0x20000040   Section        1  key.o(.data)
    key_up                                   0x20000040   Data           1  key.o(.data)
    .data                                    0x20000041   Section       53  sd_card.o(.data)
    Cmd_header                               0x2000004e   Data           2  sd_card.o(.data)
    SYS_state                                0x20000050   Data           6  sd_card.o(.data)
    Sav_files                                0x20000056   Data           6  sd_card.o(.data)
    Close_files                              0x2000005c   Data           6  sd_card.o(.data)
    .data                                    0x20000076   Section        2  files_sd.o(.data)
    .data                                    0x20000078   Section        4  delay.o(.data)
    fac_us                                   0x20000078   Data           1  delay.o(.data)
    fac_ms                                   0x2000007a   Data           2  delay.o(.data)
    .data                                    0x2000007c   Section       16  usart.o(.data)
    .data                                    0x2000008c   Section       20  stm32f10x_rcc.o(.data)
    APBAHBPrescTable                         0x2000008c   Data          16  stm32f10x_rcc.o(.data)
    ADCPrescTable                            0x2000009c   Data           4  stm32f10x_rcc.o(.data)
    .data                                    0x200000a0   Section        4  strtok.o(.data)
    _strtok_saves1                           0x200000a0   Data           4  strtok.o(.data)
    .bss                                     0x200000a4   Section      248  main.o(.bss)
    .bss                                     0x2000019c   Section       30  sd_card.o(.bss)
    .bss                                     0x200001ba   Section      150  usart.o(.bss)
    .bss                                     0x20000250   Section      210  calib.o(.bss)
    .bss                                     0x20000324   Section       44  localtime.o(.bss)
    _tms                                     0x20000324   Data          44  localtime.o(.bss)
    .bss                                     0x20000350   Section       96  libspace.o(.bss)
    HEAP                                     0x200003b0   Section      512  startup_stm32f10x_hd.o(HEAP)
    Heap_Mem                                 0x200003b0   Data         512  startup_stm32f10x_hd.o(HEAP)
    STACK                                    0x200005b0   Section     1024  startup_stm32f10x_hd.o(STACK)
    Stack_Mem                                0x200005b0   Data        1024  startup_stm32f10x_hd.o(STACK)
    __initial_sp                             0x200009b0   Data           0  startup_stm32f10x_hd.o(STACK)

    Global Symbols

    Symbol Name                              Value     Ov Type        Size  Object(Section)

    BuildAttributes$$THM_ISAv4$P$D$K$B$S$PE$A:L22UL41UL21$X:L11$S22US41US21$IEEE1$IW$USESV6$~STKCKD$USESV7$~SHL$OSPACE$ROPI$EBA8$UX$STANDARDLIB$REQ8$PRES8$EABIv2 0x00000000   Number         0  anon$$obj.o ABSOLUTE
    __ARM_use_no_argv                        0x00000000   Number         0  main.o ABSOLUTE
    _printf_flags                            0x00000000   Number         0  printf_stubs.o ABSOLUTE
    _printf_return_value                     0x00000000   Number         0  printf_stubs.o ABSOLUTE
    _printf_sizespec                         0x00000000   Number         0  printf_stubs.o ABSOLUTE
    _printf_widthprec                        0x00000000   Number         0  printf_stubs.o ABSOLUTE
    __ARM_exceptions_init                     - Undefined Weak Reference
    __alloca_initialize                       - Undefined Weak Reference
    __cpp_initialize__aeabi_                  - Undefined Weak Reference
    __cxa_finalize                            - Undefined Weak Reference
    __sigvec_lookup                           - Undefined Weak Reference
    _atexit_init                              - Undefined Weak Reference
    _call_atexit_fns                          - Undefined Weak Reference
    _clock_init                               - Undefined Weak Reference
    _fp_trap_init                             - Undefined Weak Reference
    _fp_trap_shutdown                         - Undefined Weak Reference
    _get_lc_collate                           - Undefined Weak Reference
    _get_lc_monetary                          - Undefined Weak Reference
    _get_lc_numeric                           - Undefined Weak Reference
    _get_lc_time                              - Undefined Weak Reference
    _getenv_init                              - Undefined Weak Reference
    _handle_redirection                       - Undefined Weak Reference
    _init_alloc                               - Undefined Weak Reference
    _init_user_alloc                          - Undefined Weak Reference
    _initio                                   - Undefined Weak Reference
    _mutex_acquire                            - Undefined Weak Reference
    _mutex_release                            - Undefined Weak Reference
    _printf_mbtowc                            - Undefined Weak Reference
    _printf_truncate_signed                   - Undefined Weak Reference
    _printf_truncate_unsigned                 - Undefined Weak Reference
    _rand_init                                - Undefined Weak Reference
    _signal_finish                            - Undefined Weak Reference
    _signal_init                              - Undefined Weak Reference
    _terminate_alloc                          - Undefined Weak Reference
    _terminate_user_alloc                     - Undefined Weak Reference
    _terminateio                              - Undefined Weak Reference
    __Vectors_Size                           0x00000130   Number         0  startup_stm32f10x_hd.o ABSOLUTE
    __Vectors                                0x08000000   Data           4  startup_stm32f10x_hd.o(RESET)
    __Vectors_End                            0x08000130   Data           0  startup_stm32f10x_hd.o(RESET)
    __main                                   0x08000131   Thumb Code     8  __main.o(!!!main)
    __scatterload                            0x08000139   Thumb Code     0  __scatter.o(!!!scatter)
    __scatterload_rt2                        0x08000139   Thumb Code    44  __scatter.o(!!!scatter)
    __scatterload_rt2_thumb_only             0x08000139   Thumb Code     0  __scatter.o(!!!scatter)
    __scatterload_null                       0x08000147   Thumb Code     0  __scatter.o(!!!scatter)
    __scatterload_copy                       0x0800016d   Thumb Code    26  __scatter_copy.o(!!handler_copy)
    __scatterload_zeroinit                   0x08000189   Thumb Code    28  __scatter_zi.o(!!handler_zi)
    _printf_d                                0x080001a5   Thumb Code     0  _printf_d.o(.ARM.Collect$$_printf_percent$$00000009)
    _printf_percent                          0x080001a5   Thumb Code     0  _printf_percent.o(.ARM.Collect$$_printf_percent$$00000000)
    _printf_x                                0x080001ab   Thumb Code     0  _printf_x.o(.ARM.Collect$$_printf_percent$$0000000C)
    _printf_s                                0x080001b1   Thumb Code     0  _printf_s.o(.ARM.Collect$$_printf_percent$$00000014)
    _printf_percent_end                      0x080001b7   Thumb Code     0  _printf_percent_end.o(.ARM.Collect$$_printf_percent$$00000017)
    __rt_lib_init                            0x080001bb   Thumb Code     0  libinit.o(.ARM.Collect$$libinit$$00000000)
    __rt_lib_init_heap_1                     0x080001c1   Thumb Code     0  libinit2.o(.ARM.Collect$$libinit$$00000006)
    __rt_lib_init_lc_common                  0x080001c1   Thumb Code     0  libinit2.o(.ARM.Collect$$libinit$$0000000B)
    __rt_lib_init_rand_1                     0x080001c1   Thumb Code     0  libinit2.o(.ARM.Collect$$libinit$$0000000A)
    __rt_lib_init_user_alloc_1               0x080001c1   Thumb Code     0  libinit2.o(.ARM.Collect$$libinit$$00000008)
    __rt_lib_init_lc_collate_1               0x080001c7   Thumb Code     0  libinit2.o(.ARM.Collect$$libinit$$0000000D)
    __rt_lib_init_lc_ctype_2                 0x080001c7   Thumb Code     0  libinit2.o(.ARM.Collect$$libinit$$0000000E)
    __rt_lib_init_alloca_1                   0x080001d3   Thumb Code     0  libinit2.o(.ARM.Collect$$libinit$$0000002A)
    __rt_lib_init_argv_1                     0x080001d3   Thumb Code     0  libinit2.o(.ARM.Collect$$libinit$$00000028)
    __rt_lib_init_atexit_1                   0x080001d3   Thumb Code     0  libinit2.o(.ARM.Collect$$libinit$$00000017)
    __rt_lib_init_clock_1                    0x080001d3   Thumb Code     0  libinit2.o(.ARM.Collect$$libinit$$0000001D)
    __rt_lib_init_cpp_1                      0x080001d3   Thumb Code     0  libinit2.o(.ARM.Collect$$libinit$$0000002E)
    __rt_lib_init_exceptions_1               0x080001d3   Thumb Code     0  libinit2.o(.ARM.Collect$$libinit$$0000002C)
    __rt_lib_init_fp_trap_1                  0x080001d3   Thumb Code     0  libinit2.o(.ARM.Collect$$libinit$$0000001B)
    __rt_lib_init_getenv_1                   0x080001d3   Thumb Code     0  libinit2.o(.ARM.Collect$$libinit$$0000001F)
    __rt_lib_init_lc_ctype_1                 0x080001d3   Thumb Code     0  libinit2.o(.ARM.Collect$$libinit$$0000000F)
    __rt_lib_init_lc_monetary_1              0x080001d3   Thumb Code     0  libinit2.o(.ARM.Collect$$libinit$$00000011)
    __rt_lib_init_lc_numeric_1               0x080001d3   Thumb Code     0  libinit2.o(.ARM.Collect$$libinit$$00000013)
    __rt_lib_init_lc_time_1                  0x080001d3   Thumb Code     0  libinit2.o(.ARM.Collect$$libinit$$00000015)
    __rt_lib_init_return                     0x080001d3   Thumb Code     0  libinit2.o(.ARM.Collect$$libinit$$0000002F)
    __rt_lib_init_signal_1                   0x080001d3   Thumb Code     0  libinit2.o(.ARM.Collect$$libinit$$00000019)
    __rt_lib_init_stdio_1                    0x080001d3   Thumb Code     0  libinit2.o(.ARM.Collect$$libinit$$00000021)
    __rt_lib_shutdown                        0x080001d5   Thumb Code     0  libshutdown.o(.ARM.Collect$$libshutdown$$00000000)
    __rt_lib_shutdown_fp_trap_1              0x080001d7   Thumb Code     0  libshutdown2.o(.ARM.Collect$$libshutdown$$00000006)
    __rt_lib_shutdown_heap_1                 0x080001d7   Thumb Code     0  libshutdown2.o(.ARM.Collect$$libshutdown$$0000000E)
    __rt_lib_shutdown_return                 0x080001d7   Thumb Code     0  libshutdown2.o(.ARM.Collect$$libshutdown$$0000000F)
    __rt_lib_shutdown_signal_1               0x080001d7   Thumb Code     0  libshutdown2.o(.ARM.Collect$$libshutdown$$00000009)
    __rt_lib_shutdown_stdio_1                0x080001d7   Thumb Code     0  libshutdown2.o(.ARM.Collect$$libshutdown$$00000003)
    __rt_lib_shutdown_user_alloc_1           0x080001d7   Thumb Code     0  libshutdown2.o(.ARM.Collect$$libshutdown$$0000000B)
    __rt_entry                               0x080001d9   Thumb Code     0  rtentry.o(.ARM.Collect$$rtentry$$00000000)
    __rt_entry_presh_1                       0x080001d9   Thumb Code     0  rtentry2.o(.ARM.Collect$$rtentry$$00000002)
    __rt_entry_sh                            0x080001d9   Thumb Code     0  rtentry4.o(.ARM.Collect$$rtentry$$00000004)
    __rt_entry_li                            0x080001df   Thumb Code     0  rtentry2.o(.ARM.Collect$$rtentry$$0000000A)
    __rt_entry_postsh_1                      0x080001df   Thumb Code     0  rtentry2.o(.ARM.Collect$$rtentry$$00000009)
    __rt_entry_main                          0x080001e3   Thumb Code     0  rtentry2.o(.ARM.Collect$$rtentry$$0000000D)
    __rt_entry_postli_1                      0x080001e3   Thumb Code     0  rtentry2.o(.ARM.Collect$$rtentry$$0000000C)
    __rt_exit                                0x080001eb   Thumb Code     0  rtexit.o(.ARM.Collect$$rtexit$$00000000)
    __rt_exit_ls                             0x080001ed   Thumb Code     0  rtexit2.o(.ARM.Collect$$rtexit$$00000003)
    __rt_exit_prels_1                        0x080001ed   Thumb Code     0  rtexit2.o(.ARM.Collect$$rtexit$$00000002)
    __rt_exit_exit                           0x080001f1   Thumb Code     0  rtexit2.o(.ARM.Collect$$rtexit$$00000004)
    sendADCmd                                0x080001f9   Thumb Code    52  main.o(.text)
    sendWeightCmd                            0x0800022d   Thumb Code    52  main.o(.text)
    sendWeightZeroCmd                        0x08000261   Thumb Code    52  main.o(.text)
    sendWeightLoad1Cmd                       0x08000295   Thumb Code    52  main.o(.text)
    sendWeightLoad2Cmd                       0x080002c9   Thumb Code   142  main.o(.text)
    sendWindSpeedCmd                         0x08000357   Thumb Code    52  main.o(.text)
    sendWindDirCmd                           0x0800038b   Thumb Code    52  main.o(.text)
    main                                     0x080003bf   Thumb Code  1512  main.o(.text)
    NMI_Handler                              0x080009e1   Thumb Code     2  stm32f10x_it.o(.text)
    HardFault_Handler                        0x080009e3   Thumb Code     4  stm32f10x_it.o(.text)
    MemManage_Handler                        0x080009e7   Thumb Code     4  stm32f10x_it.o(.text)
    BusFault_Handler                         0x080009eb   Thumb Code     4  stm32f10x_it.o(.text)
    UsageFault_Handler                       0x080009ef   Thumb Code     4  stm32f10x_it.o(.text)
    SVC_Handler                              0x080009f3   Thumb Code     2  stm32f10x_it.o(.text)
    DebugMon_Handler                         0x080009f5   Thumb Code     2  stm32f10x_it.o(.text)
    PendSV_Handler                           0x080009f7   Thumb Code     2  stm32f10x_it.o(.text)
    SysTick_Handler                          0x080009f9   Thumb Code     2  stm32f10x_it.o(.text)
    SystemInit                               0x08000ad7   Thumb Code    82  system_stm32f10x.o(.text)
    SystemCoreClockUpdate                    0x08000b29   Thumb Code   166  system_stm32f10x.o(.text)
    LED_Init                                 0x08000bf5   Thumb Code   336  led.o(.text)
    KEY_Init                                 0x08000d51   Thumb Code    60  key.o(.text)
    KEY_Scan                                 0x08000d8d   Thumb Code   196  key.o(.text)
    DS18B20_GPIO_Config                      0x08000e5d   Thumb Code    52  ds18b20.o(.text)
    DS18B20_Mode_IPU                         0x08000e91   Thumb Code    28  ds18b20.o(.text)
    DS18B20_Mode_Out                         0x08000ead   Thumb Code    36  ds18b20.o(.text)
    DS18B20_Rst                              0x08000ed1   Thumb Code    42  ds18b20.o(.text)
    DS18B20_Answer_Check                     0x08000efb   Thumb Code   106  ds18b20.o(.text)
    DS18B20_Read_Bit                         0x08000f65   Thumb Code    74  ds18b20.o(.text)
    DS18B20_Read_Byte                        0x08000faf   Thumb Code    46  ds18b20.o(.text)
    DS18B20_Write_Byte                       0x08000fdd   Thumb Code   108  ds18b20.o(.text)
    DS18B20_Init                             0x08001049   Thumb Code    16  ds18b20.o(.text)
    DS18B20_Get_Temp                         0x08001059   Thumb Code   172  ds18b20.o(.text)
    TimeConv_Nomal2Stamp                     0x08001111   Thumb Code    48  rtc.o(.text)
    Time_SetTimeStamp                        0x08001191   Thumb Code    34  rtc.o(.text)
    Time_SetTime                             0x080011b3   Thumb Code    38  rtc.o(.text)
    RTC_Init                                 0x0800120b   Thumb Code    62  rtc.o(.text)
    TimeConv_Stamp2Nomal                     0x08001249   Thumb Code    70  rtc.o(.text)
    Time_GetTimeStamp                        0x0800128f   Thumb Code     8  rtc.o(.text)
    Time_GetTime                             0x08001297   Thumb Code    20  rtc.o(.text)
    RTC_Rst                                  0x080012ab   Thumb Code    24  rtc.o(.text)
    Send_UART                                0x080012c5   Thumb Code    16  sd_card.o(.text)
    Send_UART_byte                           0x080012d5   Thumb Code    12  sd_card.o(.text)
    Delay                                    0x080012e1   Thumb Code    32  sd_card.o(.text)
    SD_init                                  0x08001301   Thumb Code   122  sd_card.o(.text)
    SD_send_cmd_header                       0x0800137b   Thumb Code    12  sd_card.o(.text)
    SD_send_cmd                              0x08001387   Thumb Code   174  sd_card.o(.text)
    SD_send_data                             0x08001435   Thumb Code   290  sd_card.o(.text)
    SD_read_system                           0x08001557   Thumb Code    24  sd_card.o(.text)
    SD_save_file                             0x0800156f   Thumb Code    24  sd_card.o(.text)
    SD_close_file                            0x08001587   Thumb Code    24  sd_card.o(.text)
    IS_SD_OK                                 0x080015c5   Thumb Code    54  files_sd.o(.text)
    write_string_to_files                    0x080015fb   Thumb Code   538  files_sd.o(.text)
    delay_init                               0x0800183d   Thumb Code    42  delay.o(.text)
    delay_us                                 0x08001867   Thumb Code    76  delay.o(.text)
    delay_ms                                 0x080018b3   Thumb Code    76  delay.o(.text)
    NVIC_Configuration                       0x08001911   Thumb Code    12  sys.o(.text)
    _sys_exit                                0x0800191d   Thumb Code     6  usart.o(.text)
    fputc                                    0x08001923   Thumb Code    32  usart.o(.text)
    uart1_init                               0x08001943   Thumb Code   176  usart.o(.text)
    uart2_init                               0x080019f3   Thumb Code   184  usart.o(.text)
    uart3_init                               0x08001aab   Thumb Code   256  usart.o(.text)
    uart3_init2                              0x08001bab   Thumb Code   202  usart.o(.text)
    uart4_init                               0x08001c75   Thumb Code   220  usart.o(.text)
    uart5_init                               0x08001d51   Thumb Code   180  usart.o(.text)
    send_byte_to_usart1                      0x08001e05   Thumb Code    30  usart.o(.text)
    send_byte_to_usart2                      0x08001e23   Thumb Code    30  usart.o(.text)
    send_byte_to_usart3                      0x08001e41   Thumb Code    30  usart.o(.text)
    send_byte_to_usart4                      0x08001e5f   Thumb Code    30  usart.o(.text)
    send_byte_to_usart5                      0x08001e7d   Thumb Code    30  usart.o(.text)
    send_string_to_usart1                    0x08001e9b   Thumb Code    26  usart.o(.text)
    send_string_to_usart2                    0x08001eb5   Thumb Code    26  usart.o(.text)
    send_string_to_usart3                    0x08001ecf   Thumb Code    26  usart.o(.text)
    send_string_to_usart4                    0x08001ee9   Thumb Code    26  usart.o(.text)
    send_string_to_usart5                    0x08001f03   Thumb Code    26  usart.o(.text)
    send_buf_to_usart1                       0x08001f1d   Thumb Code    42  usart.o(.text)
    send_buf_to_usart2                       0x08001f47   Thumb Code    42  usart.o(.text)
    send_buf_to_usart3                       0x08001f71   Thumb Code    42  usart.o(.text)
    send_buf_to_usart4                       0x08001f9b   Thumb Code    42  usart.o(.text)
    send_buf_to_usart5                       0x08001fc5   Thumb Code    42  usart.o(.text)
    USART1_IRQHandler                        0x08001fef   Thumb Code   504  usart.o(.text)
    USART2_IRQHandler                        0x080021e7   Thumb Code   184  usart.o(.text)
    USART3_IRQHandler                        0x0800229f   Thumb Code   216  usart.o(.text)
    UART4_IRQHandler                         0x08002377   Thumb Code   322  usart.o(.text)
    UART5_IRQHandler                         0x080024b9   Thumb Code   332  usart.o(.text)
    getCRC16_HighFirst                       0x08002605   Thumb Code    60  crc16.o(.text)
    getCRC16_LowFirst                        0x08002641   Thumb Code    60  crc16.o(.text)
    Flash_Write_Without_check                0x08002685   Thumb Code    72  dataflash.o(.text)
    Flash_Read                               0x080026cd   Thumb Code    34  dataflash.o(.text)
    Flash_Write                              0x080026ef   Thumb Code   264  dataflash.o(.text)
    Volt2Distance                            0x080027f9   Thumb Code   338  calib.o(.text)
    wr_IndCalib_to_flash                     0x0800294b   Thumb Code     2  calib.o(.text)
    rd_IndCalib_from_flash                   0x0800294d   Thumb Code     2  calib.o(.text)
    Reset_Handler                            0x08002959   Thumb Code     8  startup_stm32f10x_hd.o(.text)
    ADC1_2_IRQHandler                        0x08002973   Thumb Code     0  startup_stm32f10x_hd.o(.text)
    ADC3_IRQHandler                          0x08002973   Thumb Code     0  startup_stm32f10x_hd.o(.text)
    CAN1_RX1_IRQHandler                      0x08002973   Thumb Code     0  startup_stm32f10x_hd.o(.text)
    CAN1_SCE_IRQHandler                      0x08002973   Thumb Code     0  startup_stm32f10x_hd.o(.text)
    DMA1_Channel1_IRQHandler                 0x08002973   Thumb Code     0  startup_stm32f10x_hd.o(.text)
    DMA1_Channel2_IRQHandler                 0x08002973   Thumb Code     0  startup_stm32f10x_hd.o(.text)
    DMA1_Channel3_IRQHandler                 0x08002973   Thumb Code     0  startup_stm32f10x_hd.o(.text)
    DMA1_Channel4_IRQHandler                 0x08002973   Thumb Code     0  startup_stm32f10x_hd.o(.text)
    DMA1_Channel5_IRQHandler                 0x08002973   Thumb Code     0  startup_stm32f10x_hd.o(.text)
    DMA1_Channel6_IRQHandler                 0x08002973   Thumb Code     0  startup_stm32f10x_hd.o(.text)
    DMA1_Channel7_IRQHandler                 0x08002973   Thumb Code     0  startup_stm32f10x_hd.o(.text)
    DMA2_Channel1_IRQHandler                 0x08002973   Thumb Code     0  startup_stm32f10x_hd.o(.text)
    DMA2_Channel2_IRQHandler                 0x08002973   Thumb Code     0  startup_stm32f10x_hd.o(.text)
    DMA2_Channel3_IRQHandler                 0x08002973   Thumb Code     0  startup_stm32f10x_hd.o(.text)
    DMA2_Channel4_5_IRQHandler               0x08002973   Thumb Code     0  startup_stm32f10x_hd.o(.text)
    EXTI0_IRQHandler                         0x08002973   Thumb Code     0  startup_stm32f10x_hd.o(.text)
    EXTI15_10_IRQHandler                     0x08002973   Thumb Code     0  startup_stm32f10x_hd.o(.text)
    EXTI1_IRQHandler                         0x08002973   Thumb Code     0  startup_stm32f10x_hd.o(.text)
    EXTI2_IRQHandler                         0x08002973   Thumb Code     0  startup_stm32f10x_hd.o(.text)
    EXTI3_IRQHandler                         0x08002973   Thumb Code     0  startup_stm32f10x_hd.o(.text)
    EXTI4_IRQHandler                         0x08002973   Thumb Code     0  startup_stm32f10x_hd.o(.text)
    EXTI9_5_IRQHandler                       0x08002973   Thumb Code     0  startup_stm32f10x_hd.o(.text)
    FLASH_IRQHandler                         0x08002973   Thumb Code     0  startup_stm32f10x_hd.o(.text)
    FSMC_IRQHandler                          0x08002973   Thumb Code     0  startup_stm32f10x_hd.o(.text)
    I2C1_ER_IRQHandler                       0x08002973   Thumb Code     0  startup_stm32f10x_hd.o(.text)
    I2C1_EV_IRQHandler                       0x08002973   Thumb Code     0  startup_stm32f10x_hd.o(.text)
    I2C2_ER_IRQHandler                       0x08002973   Thumb Code     0  startup_stm32f10x_hd.o(.text)
    I2C2_EV_IRQHandler                       0x08002973   Thumb Code     0  startup_stm32f10x_hd.o(.text)
    PVD_IRQHandler                           0x08002973   Thumb Code     0  startup_stm32f10x_hd.o(.text)
    RCC_IRQHandler                           0x08002973   Thumb Code     0  startup_stm32f10x_hd.o(.text)
    RTCAlarm_IRQHandler                      0x08002973   Thumb Code     0  startup_stm32f10x_hd.o(.text)
    RTC_IRQHandler                           0x08002973   Thumb Code     0  startup_stm32f10x_hd.o(.text)
    SDIO_IRQHandler                          0x08002973   Thumb Code     0  startup_stm32f10x_hd.o(.text)
    SPI1_IRQHandler                          0x08002973   Thumb Code     0  startup_stm32f10x_hd.o(.text)
    SPI2_IRQHandler                          0x08002973   Thumb Code     0  startup_stm32f10x_hd.o(.text)
    SPI3_IRQHandler                          0x08002973   Thumb Code     0  startup_stm32f10x_hd.o(.text)
    TAMPER_IRQHandler                        0x08002973   Thumb Code     0  startup_stm32f10x_hd.o(.text)
    TIM1_BRK_IRQHandler                      0x08002973   Thumb Code     0  startup_stm32f10x_hd.o(.text)
    TIM1_CC_IRQHandler                       0x08002973   Thumb Code     0  startup_stm32f10x_hd.o(.text)
    TIM1_TRG_COM_IRQHandler                  0x08002973   Thumb Code     0  startup_stm32f10x_hd.o(.text)
    TIM1_UP_IRQHandler                       0x08002973   Thumb Code     0  startup_stm32f10x_hd.o(.text)
    TIM2_IRQHandler                          0x08002973   Thumb Code     0  startup_stm32f10x_hd.o(.text)
    TIM3_IRQHandler                          0x08002973   Thumb Code     0  startup_stm32f10x_hd.o(.text)
    TIM4_IRQHandler                          0x08002973   Thumb Code     0  startup_stm32f10x_hd.o(.text)
    TIM5_IRQHandler                          0x08002973   Thumb Code     0  startup_stm32f10x_hd.o(.text)
    TIM6_IRQHandler                          0x08002973   Thumb Code     0  startup_stm32f10x_hd.o(.text)
    TIM7_IRQHandler                          0x08002973   Thumb Code     0  startup_stm32f10x_hd.o(.text)
    TIM8_BRK_IRQHandler                      0x08002973   Thumb Code     0  startup_stm32f10x_hd.o(.text)
    TIM8_CC_IRQHandler                       0x08002973   Thumb Code     0  startup_stm32f10x_hd.o(.text)
    TIM8_TRG_COM_IRQHandler                  0x08002973   Thumb Code     0  startup_stm32f10x_hd.o(.text)
    TIM8_UP_IRQHandler                       0x08002973   Thumb Code     0  startup_stm32f10x_hd.o(.text)
    USBWakeUp_IRQHandler                     0x08002973   Thumb Code     0  startup_stm32f10x_hd.o(.text)
    USB_HP_CAN1_TX_IRQHandler                0x08002973   Thumb Code     0  startup_stm32f10x_hd.o(.text)
    USB_LP_CAN1_RX0_IRQHandler               0x08002973   Thumb Code     0  startup_stm32f10x_hd.o(.text)
    WWDG_IRQHandler                          0x08002973   Thumb Code     0  startup_stm32f10x_hd.o(.text)
    __user_initial_stackheap                 0x08002975   Thumb Code     0  startup_stm32f10x_hd.o(.text)
    NVIC_PriorityGroupConfig                 0x08002999   Thumb Code    12  misc.o(.text)
    NVIC_Init                                0x080029a5   Thumb Code   146  misc.o(.text)
    NVIC_SetVectorTable                      0x08002a37   Thumb Code    16  misc.o(.text)
    NVIC_SystemLPConfig                      0x08002a47   Thumb Code    38  misc.o(.text)
    SysTick_CLKSourceConfig                  0x08002a6d   Thumb Code    40  misc.o(.text)
    GPIO_DeInit                              0x08002ab1   Thumb Code   172  stm32f10x_gpio.o(.text)
    GPIO_AFIODeInit                          0x08002b5d   Thumb Code    20  stm32f10x_gpio.o(.text)
    GPIO_Init                                0x08002b71   Thumb Code   342  stm32f10x_gpio.o(.text)
    GPIO_StructInit                          0x08002cc7   Thumb Code    20  stm32f10x_gpio.o(.text)
    GPIO_ReadInputDataBit                    0x08002cdb   Thumb Code    30  stm32f10x_gpio.o(.text)
    GPIO_ReadInputData                       0x08002cf9   Thumb Code     8  stm32f10x_gpio.o(.text)
    GPIO_ReadOutputDataBit                   0x08002d01   Thumb Code    30  stm32f10x_gpio.o(.text)
    GPIO_ReadOutputData                      0x08002d1f   Thumb Code     8  stm32f10x_gpio.o(.text)
    GPIO_SetBits                             0x08002d27   Thumb Code     4  stm32f10x_gpio.o(.text)
    GPIO_ResetBits                           0x08002d2b   Thumb Code     4  stm32f10x_gpio.o(.text)
    GPIO_WriteBit                            0x08002d2f   Thumb Code    10  stm32f10x_gpio.o(.text)
    GPIO_Write                               0x08002d39   Thumb Code     4  stm32f10x_gpio.o(.text)
    GPIO_PinLockConfig                       0x08002d3d   Thumb Code    28  stm32f10x_gpio.o(.text)
    GPIO_EventOutputConfig                   0x08002d59   Thumb Code    42  stm32f10x_gpio.o(.text)
    GPIO_EventOutputCmd                      0x08002d83   Thumb Code     6  stm32f10x_gpio.o(.text)
    GPIO_PinRemapConfig                      0x08002d89   Thumb Code   180  stm32f10x_gpio.o(.text)
    GPIO_EXTILineConfig                      0x08002e3d   Thumb Code   128  stm32f10x_gpio.o(.text)
    GPIO_ETH_MediaInterfaceConfig            0x08002ebd   Thumb Code     6  stm32f10x_gpio.o(.text)
    RCC_DeInit                               0x08002ec9   Thumb Code    68  stm32f10x_rcc.o(.text)
    RCC_HSEConfig                            0x08002f0d   Thumb Code    70  stm32f10x_rcc.o(.text)
    RCC_GetFlagStatus                        0x08002f53   Thumb Code    84  stm32f10x_rcc.o(.text)
    RCC_WaitForHSEStartUp                    0x08002fa7   Thumb Code    64  stm32f10x_rcc.o(.text)
    RCC_AdjustHSICalibrationValue            0x08002fe7   Thumb Code    32  stm32f10x_rcc.o(.text)
    RCC_HSICmd                               0x08003007   Thumb Code     6  stm32f10x_rcc.o(.text)
    RCC_PLLConfig                            0x0800300d   Thumb Code    36  stm32f10x_rcc.o(.text)
    RCC_PLLCmd                               0x08003031   Thumb Code     6  stm32f10x_rcc.o(.text)
    RCC_SYSCLKConfig                         0x08003037   Thumb Code    32  stm32f10x_rcc.o(.text)
    RCC_GetSYSCLKSource                      0x08003057   Thumb Code    10  stm32f10x_rcc.o(.text)
    RCC_HCLKConfig                           0x08003061   Thumb Code    32  stm32f10x_rcc.o(.text)
    RCC_PCLK1Config                          0x08003081   Thumb Code    32  stm32f10x_rcc.o(.text)
    RCC_PCLK2Config                          0x080030a1   Thumb Code    32  stm32f10x_rcc.o(.text)
    RCC_ITConfig                             0x080030c1   Thumb Code    36  stm32f10x_rcc.o(.text)
    RCC_USBCLKConfig                         0x080030e5   Thumb Code     6  stm32f10x_rcc.o(.text)
    RCC_ADCCLKConfig                         0x080030eb   Thumb Code    32  stm32f10x_rcc.o(.text)
    RCC_LSEConfig                            0x0800310b   Thumb Code    50  stm32f10x_rcc.o(.text)
    RCC_LSICmd                               0x0800313d   Thumb Code     6  stm32f10x_rcc.o(.text)
    RCC_RTCCLKConfig                         0x08003143   Thumb Code    14  stm32f10x_rcc.o(.text)
    RCC_RTCCLKCmd                            0x08003151   Thumb Code     6  stm32f10x_rcc.o(.text)
    RCC_GetClocksFreq                        0x08003157   Thumb Code   250  stm32f10x_rcc.o(.text)
    RCC_AHBPeriphClockCmd                    0x08003251   Thumb Code    30  stm32f10x_rcc.o(.text)
    RCC_APB2PeriphClockCmd                   0x0800326f   Thumb Code    30  stm32f10x_rcc.o(.text)
    RCC_APB1PeriphClockCmd                   0x0800328d   Thumb Code    80  stm32f10x_rcc.o(.text)
    RCC_APB2PeriphResetCmd                   0x080032dd   Thumb Code    30  stm32f10x_rcc.o(.text)
    RCC_APB1PeriphResetCmd                   0x080032fb   Thumb Code    30  stm32f10x_rcc.o(.text)
    RCC_BackupResetCmd                       0x08003319   Thumb Code     6  stm32f10x_rcc.o(.text)
    RCC_ClockSecuritySystemCmd               0x0800331f   Thumb Code     6  stm32f10x_rcc.o(.text)
    RCC_MCOConfig                            0x08003325   Thumb Code     6  stm32f10x_rcc.o(.text)
    RCC_ClearFlag                            0x0800332b   Thumb Code    14  stm32f10x_rcc.o(.text)
    RCC_GetITStatus                          0x08003339   Thumb Code    32  stm32f10x_rcc.o(.text)
    RCC_ClearITPendingBit                    0x08003359   Thumb Code     6  stm32f10x_rcc.o(.text)
    USART_DeInit                             0x0800336d   Thumb Code   134  stm32f10x_usart.o(.text)
    USART_Init                               0x080033f3   Thumb Code   278  stm32f10x_usart.o(.text)
    USART_StructInit                         0x08003509   Thumb Code    30  stm32f10x_usart.o(.text)
    USART_ClockInit                          0x08003527   Thumb Code    54  stm32f10x_usart.o(.text)
    USART_ClockStructInit                    0x0800355d   Thumb Code    14  stm32f10x_usart.o(.text)
    USART_Cmd                                0x0800356b   Thumb Code    26  stm32f10x_usart.o(.text)
    USART_ITConfig                           0x08003585   Thumb Code   102  stm32f10x_usart.o(.text)
    USART_DMACmd                             0x080035eb   Thumb Code    30  stm32f10x_usart.o(.text)
    USART_SetAddress                         0x08003609   Thumb Code    22  stm32f10x_usart.o(.text)
    USART_WakeUpConfig                       0x0800361f   Thumb Code    22  stm32f10x_usart.o(.text)
    USART_ReceiverWakeUpCmd                  0x08003635   Thumb Code    26  stm32f10x_usart.o(.text)
    USART_LINBreakDetectLengthConfig         0x0800364f   Thumb Code    22  stm32f10x_usart.o(.text)
    USART_LINCmd                             0x08003665   Thumb Code    26  stm32f10x_usart.o(.text)
    USART_SendData                           0x0800367f   Thumb Code     8  stm32f10x_usart.o(.text)
    USART_ReceiveData                        0x08003687   Thumb Code    10  stm32f10x_usart.o(.text)
    USART_SendBreak                          0x08003691   Thumb Code    10  stm32f10x_usart.o(.text)
    USART_SetGuardTime                       0x0800369b   Thumb Code    16  stm32f10x_usart.o(.text)
    USART_SetPrescaler                       0x080036ab   Thumb Code    18  stm32f10x_usart.o(.text)
    USART_SmartCardCmd                       0x080036bd   Thumb Code    26  stm32f10x_usart.o(.text)
    USART_SmartCardNACKCmd                   0x080036d7   Thumb Code    26  stm32f10x_usart.o(.text)
    USART_HalfDuplexCmd                      0x080036f1   Thumb Code    26  stm32f10x_usart.o(.text)
    USART_OverSampling8Cmd                   0x0800370b   Thumb Code    22  stm32f10x_usart.o(.text)
    USART_OneBitMethodCmd                    0x08003721   Thumb Code    26  stm32f10x_usart.o(.text)
    USART_IrDAConfig                         0x0800373b   Thumb Code    42  stm32f10x_usart.o(.text)
    USART_IrDACmd                            0x08003765   Thumb Code    26  stm32f10x_usart.o(.text)
    USART_GetFlagStatus                      0x0800377f   Thumb Code    38  stm32f10x_usart.o(.text)
    USART_ClearFlag                          0x080037a5   Thumb Code    20  stm32f10x_usart.o(.text)
    USART_GetITStatus                        0x080037b9   Thumb Code   128  stm32f10x_usart.o(.text)
    USART_ClearITPendingBit                  0x08003839   Thumb Code    46  stm32f10x_usart.o(.text)
    BKP_DeInit                               0x08003869   Thumb Code    16  stm32f10x_bkp.o(.text)
    BKP_TamperPinLevelConfig                 0x08003879   Thumb Code     6  stm32f10x_bkp.o(.text)
    BKP_TamperPinCmd                         0x0800387f   Thumb Code     6  stm32f10x_bkp.o(.text)
    BKP_ITConfig                             0x08003885   Thumb Code     6  stm32f10x_bkp.o(.text)
    BKP_RTCOutputConfig                      0x0800388b   Thumb Code    38  stm32f10x_bkp.o(.text)
    BKP_SetRTCCalibrationValue               0x080038b1   Thumb Code    38  stm32f10x_bkp.o(.text)
    BKP_WriteBackupRegister                  0x080038d7   Thumb Code    20  stm32f10x_bkp.o(.text)
    BKP_ReadBackupRegister                   0x080038eb   Thumb Code    22  stm32f10x_bkp.o(.text)
    BKP_GetFlagStatus                        0x08003901   Thumb Code     8  stm32f10x_bkp.o(.text)
    BKP_ClearFlag                            0x08003909   Thumb Code    16  stm32f10x_bkp.o(.text)
    BKP_GetITStatus                          0x08003919   Thumb Code     8  stm32f10x_bkp.o(.text)
    BKP_ClearITPendingBit                    0x08003921   Thumb Code    16  stm32f10x_bkp.o(.text)
    RTC_ITConfig                             0x08003955   Thumb Code    40  stm32f10x_rtc.o(.text)
    RTC_EnterConfigMode                      0x0800397d   Thumb Code    16  stm32f10x_rtc.o(.text)
    RTC_ExitConfigMode                       0x0800398d   Thumb Code    20  stm32f10x_rtc.o(.text)
    RTC_GetCounter                           0x080039a1   Thumb Code    24  stm32f10x_rtc.o(.text)
    RTC_SetCounter                           0x080039b9   Thumb Code    28  stm32f10x_rtc.o(.text)
    RTC_SetPrescaler                         0x080039d5   Thumb Code    28  stm32f10x_rtc.o(.text)
    RTC_SetAlarm                             0x080039f1   Thumb Code    28  stm32f10x_rtc.o(.text)
    RTC_GetDivider                           0x08003a0d   Thumb Code    34  stm32f10x_rtc.o(.text)
    RTC_WaitForLastTask                      0x08003a2f   Thumb Code    14  stm32f10x_rtc.o(.text)
    RTC_WaitForSynchro                       0x08003a3d   Thumb Code    32  stm32f10x_rtc.o(.text)
    RTC_GetFlagStatus                        0x08003a5d   Thumb Code    32  stm32f10x_rtc.o(.text)
    RTC_ClearFlag                            0x08003a7d   Thumb Code    22  stm32f10x_rtc.o(.text)
    RTC_GetITStatus                          0x08003a93   Thumb Code    48  stm32f10x_rtc.o(.text)
    RTC_ClearITPendingBit                    0x08003ac3   Thumb Code    22  stm32f10x_rtc.o(.text)
    PWR_DeInit                               0x08003af9   Thumb Code    22  stm32f10x_pwr.o(.text)
    PWR_BackupAccessCmd                      0x08003b0f   Thumb Code     6  stm32f10x_pwr.o(.text)
    PWR_PVDCmd                               0x08003b15   Thumb Code     6  stm32f10x_pwr.o(.text)
    PWR_PVDLevelConfig                       0x08003b1b   Thumb Code    32  stm32f10x_pwr.o(.text)
    PWR_WakeUpPinCmd                         0x08003b3b   Thumb Code     6  stm32f10x_pwr.o(.text)
    PWR_EnterSTOPMode                        0x08003b41   Thumb Code    76  stm32f10x_pwr.o(.text)
    PWR_EnterSTANDBYMode                     0x08003b8d   Thumb Code    46  stm32f10x_pwr.o(.text)
    PWR_GetFlagStatus                        0x08003bbb   Thumb Code    32  stm32f10x_pwr.o(.text)
    PWR_ClearFlag                            0x08003bdb   Thumb Code    14  stm32f10x_pwr.o(.text)
    FLASH_SetLatency                         0x08003bf9   Thumb Code    32  stm32f10x_flash.o(.text)
    FLASH_HalfCycleAccessCmd                 0x08003c19   Thumb Code    24  stm32f10x_flash.o(.text)
    FLASH_PrefetchBufferCmd                  0x08003c31   Thumb Code    24  stm32f10x_flash.o(.text)
    FLASH_Unlock                             0x08003c49   Thumb Code    12  stm32f10x_flash.o(.text)
    FLASH_UnlockBank1                        0x08003c55   Thumb Code    12  stm32f10x_flash.o(.text)
    FLASH_Lock                               0x08003c61   Thumb Code    14  stm32f10x_flash.o(.text)
    FLASH_LockBank1                          0x08003c6f   Thumb Code    14  stm32f10x_flash.o(.text)
    FLASH_GetBank1Status                     0x08003c7d   Thumb Code    66  stm32f10x_flash.o(.text)
    FLASH_WaitForLastOperation               0x08003cbf   Thumb Code    50  stm32f10x_flash.o(.text)
    FLASH_ErasePage                          0x08003cf1   Thumb Code    78  stm32f10x_flash.o(.text)
    FLASH_EraseAllPages                      0x08003d3f   Thumb Code    74  stm32f10x_flash.o(.text)
    FLASH_WaitForLastBank1Operation          0x08003d89   Thumb Code    50  stm32f10x_flash.o(.text)
    FLASH_EraseAllBank1Pages                 0x08003dbb   Thumb Code    74  stm32f10x_flash.o(.text)
    FLASH_GetReadOutProtectionStatus         0x08003e05   Thumb Code    32  stm32f10x_flash.o(.text)
    FLASH_EraseOptionBytes                   0x08003e25   Thumb Code   170  stm32f10x_flash.o(.text)
    FLASH_ProgramWord                        0x08003ecf   Thumb Code   120  stm32f10x_flash.o(.text)
    FLASH_ProgramHalfWord                    0x08003f47   Thumb Code    70  stm32f10x_flash.o(.text)
    FLASH_ProgramOptionByteData              0x08003f8d   Thumb Code    82  stm32f10x_flash.o(.text)
    FLASH_EnableWriteProtection              0x08003fdf   Thumb Code   222  stm32f10x_flash.o(.text)
    FLASH_ReadOutProtection                  0x080040bd   Thumb Code   170  stm32f10x_flash.o(.text)
    FLASH_UserOptionByteConfig               0x08004167   Thumb Code   100  stm32f10x_flash.o(.text)
    FLASH_GetUserOptionByte                  0x080041cb   Thumb Code     8  stm32f10x_flash.o(.text)
    FLASH_GetWriteProtectionOptionByte       0x080041d3   Thumb Code     6  stm32f10x_flash.o(.text)
    FLASH_GetPrefetchBufferStatus            0x080041d9   Thumb Code    32  stm32f10x_flash.o(.text)
    FLASH_ITConfig                           0x080041f9   Thumb Code    30  stm32f10x_flash.o(.text)
    FLASH_GetFlagStatus                      0x08004217   Thumb Code    60  stm32f10x_flash.o(.text)
    FLASH_ClearFlag                          0x08004253   Thumb Code     6  stm32f10x_flash.o(.text)
    FLASH_GetStatus                          0x08004259   Thumb Code    66  stm32f10x_flash.o(.text)
    __use_no_semihosting                     0x080042bd   Thumb Code     2  use_no_semi_2.o(.text)
    __2printf                                0x080042c1   Thumb Code    20  noretval__2printf.o(.text)
    __2sprintf                               0x080042d9   Thumb Code    34  noretval__2sprintf.o(.text)
    _printf_pre_padding                      0x08004301   Thumb Code    44  _printf_pad.o(.text)
    _printf_post_padding                     0x0800432d   Thumb Code    36  _printf_pad.o(.text)
    _printf_str                              0x08004351   Thumb Code    82  _printf_str.o(.text)
    _printf_int_dec                          0x080043a5   Thumb Code   102  _printf_dec.o(.text)
    _printf_int_hex                          0x0800441d   Thumb Code    88  _printf_hex_int.o(.text)
    _printf_longlong_hex                     0x0800441d   Thumb Code     0  _printf_hex_int.o(.text)
    __printf                                 0x08004479   Thumb Code   318  __printf_flags_wp.o(.text)
    atoi                                     0x080045bd   Thumb Code    26  atoi.o(.text)
    strtok                                   0x080045d9   Thumb Code     6  strtok.o(.text)
    strlen                                   0x080045e5   Thumb Code    62  strlen.o(.text)
    __aeabi_memcpy4                          0x08004623   Thumb Code     0  rt_memcpy_w.o(.text)
    __aeabi_memcpy8                          0x08004623   Thumb Code     0  rt_memcpy_w.o(.text)
    __rt_memcpy_w                            0x08004623   Thumb Code   100  rt_memcpy_w.o(.text)
    _memcpy_lastbytes_aligned                0x0800466b   Thumb Code     0  rt_memcpy_w.o(.text)
    __aeabi_memclr                           0x08004687   Thumb Code     0  rt_memclr.o(.text)
    __rt_memclr                              0x08004687   Thumb Code    68  rt_memclr.o(.text)
    _memset                                  0x0800468b   Thumb Code     0  rt_memclr.o(.text)
    localtime                                0x080046cd   Thumb Code     6  localtime.o(.text)
    mktime                                   0x0800470f   Thumb Code   354  mktime.o(.text)
    __use_two_region_memory                  0x08004879   Thumb Code     2  heapauxi.o(.text)
    __rt_heap_escrow$2region                 0x0800487b   Thumb Code     2  heapauxi.o(.text)
    __rt_heap_expand$2region                 0x0800487d   Thumb Code     2  heapauxi.o(.text)
    __I$use$semihosting                      0x0800487f   Thumb Code     0  use_no_semi.o(.text)
    __use_no_semihosting_swi                 0x0800487f   Thumb Code     2  use_no_semi.o(.text)
    __aeabi_errno_addr                       0x08004881   Thumb Code     8  rt_errno_addr_intlibspace.o(.text)
    __errno$intlibspace                      0x08004881   Thumb Code     0  rt_errno_addr_intlibspace.o(.text)
    __rt_errno_addr$intlibspace              0x08004881   Thumb Code     0  rt_errno_addr_intlibspace.o(.text)
    _printf_int_common                       0x08004889   Thumb Code   182  _printf_intcommon.o(.text)
    _printf_char_common                      0x0800494b   Thumb Code    32  _printf_char_common.o(.text)
    _sputc                                   0x08004971   Thumb Code    10  _sputc.o(.text)
    _printf_cs_common                        0x0800497b   Thumb Code    20  _printf_char.o(.text)
    _printf_char                             0x0800498f   Thumb Code    16  _printf_char.o(.text)
    _printf_string                           0x0800499f   Thumb Code     8  _printf_char.o(.text)
    _printf_char_file                        0x080049a9   Thumb Code    32  _printf_char_file.o(.text)
    strtol                                   0x080049cd   Thumb Code   112  strtol.o(.text)
    __strtok_internal                        0x08004a3d   Thumb Code    66  strtok_int.o(.text)
    __aeabi_memclr4                          0x08004a85   Thumb Code     0  rt_memclr_w.o(.text)
    __aeabi_memclr8                          0x08004a85   Thumb Code     0  rt_memclr_w.o(.text)
    __rt_memclr_w                            0x08004a85   Thumb Code    78  rt_memclr_w.o(.text)
    _memset_w                                0x08004a89   Thumb Code     0  rt_memclr_w.o(.text)
    _localtime_r                             0x08004ad5   Thumb Code   158  localtime_internal.o(.text)
    _n$localtime_r                           0x08004ad5   Thumb Code     0  localtime_internal.o(.text)
    __user_libspace                          0x08004b79   Thumb Code     8  libspace.o(.text)
    __user_perproc_libspace                  0x08004b79   Thumb Code     0  libspace.o(.text)
    __user_perthread_libspace                0x08004b79   Thumb Code     0  libspace.o(.text)
    __rt_ctype_table                         0x08004b81   Thumb Code    16  rt_ctype_table.o(.text)
    _strtoul                                 0x08004b91   Thumb Code   158  _strtoul.o(.text)
    ferror                                   0x08004c2f   Thumb Code     8  ferror.o(.text)
    strcspn                                  0x08004c37   Thumb Code    32  strcspn.o(.text)
    strspn                                   0x08004c57   Thumb Code    28  strspn.o(.text)
    __user_setup_stackheap                   0x08004c73   Thumb Code    74  sys_stackheap_outer.o(.text)
    __rt_locale                              0x08004cbd   Thumb Code     8  rt_locale_intlibspace.o(.text)
    _chval                                   0x08004cc5   Thumb Code    32  _chval.o(.text)
    exit                                     0x08004ce5   Thumb Code    12  exit.o(.text)
    strcmp                                   0x08004cf1   Thumb Code   128  strcmpv7m.o(.text)
    __rt_fp_status_addr                      0x08004d71   Thumb Code     8  rt_fp_status_addr_intlibspace.o(.text)
    _is_digit                                0x08004d79   Thumb Code    14  __printf_wp.o(i._is_digit)
    _get_lc_ctype                            0x08004d89   Thumb Code    44  lc_ctype_c.o(locale$$code)
    __aeabi_d2f                              0x08004db5   Thumb Code     0  d2f.o(x$fpl$d2f)
    _d2f                                     0x08004db5   Thumb Code    98  d2f.o(x$fpl$d2f)
    __aeabi_i2d                              0x08004e17   Thumb Code     0  dflt_clz.o(x$fpl$dflt)
    _dflt                                    0x08004e17   Thumb Code    46  dflt_clz.o(x$fpl$dflt)
    __aeabi_dmul                             0x08004e45   Thumb Code     0  dmul.o(x$fpl$dmul)
    _dmul                                    0x08004e45   Thumb Code   332  dmul.o(x$fpl$dmul)
    __fpl_dnaninf                            0x08004f99   Thumb Code   156  dnaninf.o(x$fpl$dnaninf)
    __fpl_dretinf                            0x08005035   Thumb Code    12  dretinf.o(x$fpl$dretinf)
    __aeabi_f2d                              0x08005041   Thumb Code     0  f2d.o(x$fpl$f2d)
    _f2d                                     0x08005041   Thumb Code    86  f2d.o(x$fpl$f2d)
    __aeabi_f2iz                             0x08005099   Thumb Code     0  ffix.o(x$fpl$ffix)
    _ffix                                    0x08005099   Thumb Code    54  ffix.o(x$fpl$ffix)
    __aeabi_i2f                              0x080050d1   Thumb Code     0  fflt_clz.o(x$fpl$fflt)
    _fflt                                    0x080050d1   Thumb Code    48  fflt_clz.o(x$fpl$fflt)
    __aeabi_fmul                             0x08005101   Thumb Code     0  fmul.o(x$fpl$fmul)
    _fmul                                    0x08005101   Thumb Code   258  fmul.o(x$fpl$fmul)
    __fpl_fnaninf                            0x08005203   Thumb Code   140  fnaninf.o(x$fpl$fnaninf)
    _fp_init                                 0x0800528f   Thumb Code    14  fpinit.o(x$fpl$fpinit)
    __fplib_config_pureend_doubles           0x0800529b   Thumb Code     0  fpinit.o(x$fpl$fpinit)
    __fpl_fretinf                            0x0800529d   Thumb Code    10  fretinf.o(x$fpl$fretinf)
    __I$use$fp                               0x080052a7   Thumb Code     0  usenofp.o(x$fpl$usenofp)
    chCRCHTalbe                              0x08005374   Data         256  crc16.o(.constdata)
    chCRCLTalbe                              0x08005474   Data         256  crc16.o(.constdata)
    _monlen                                  0x080055ad   Data          12  _monlen.o(.constdata)
    Region$$Table$$Base                      0x080055bc   Number         0  anon$$obj.o(Region$$Table)
    Region$$Table$$Limit                     0x080055dc   Number         0  anon$$obj.o(Region$$Table)
    __ctype                                  0x080055e9   Data           0  lc_ctype_c.o(locale$$data)
    windSpeedDirFlag                         0x20000000   Data           1  main.o(.data)
    g_uart3_used_for_SD                      0x20000001   Data           1  main.o(.data)
    g_IndVal                                 0x20000002   Data           8  main.o(.data)
    g_Pa                                     0x2000000c   Data           4  main.o(.data)
    g_IndValOffset                           0x20000010   Data           8  main.o(.data)
    g_PaOffset                               0x20000018   Data           4  main.o(.data)
    g_WindSpeed                              0x2000001c   Data           2  main.o(.data)
    g_WindDir                                0x2000001e   Data           2  main.o(.data)
    g_Temper                                 0x20000020   Data           4  main.o(.data)
    g_weightCalib                            0x20000024   Data           4  main.o(.data)
    Temp                                     0x20000028   Data           2  main.o(.data)
    lastSDerr                                0x2000002a   Data           1  main.o(.data)
    SystemCoreClock                          0x2000002c   Data           4  system_stm32f10x.o(.data)
    AHBPrescTable                            0x20000030   Data          16  system_stm32f10x.o(.data)
    FileName                                 0x20000041   Data          13  sd_card.o(.data)
    DATE_SEND                                0x20000062   Data          20  sd_card.o(.data)
    F_wait_response                          0x20000076   Data           1  files_sd.o(.data)
    SD_cmd_return_byte                       0x20000077   Data           1  files_sd.o(.data)
    USART_RX_STA                             0x2000007c   Data           2  usart.o(.data)
    __stdout                                 0x20000080   Data           4  usart.o(.data)
    flagstart                                0x20000084   Data           1  usart.o(.data)
    rxCnt                                    0x20000085   Data           1  usart.o(.data)
    IndId                                    0x20000086   Data           1  usart.o(.data)
    CalibCnt                                 0x20000087   Data           1  usart.o(.data)
    PC_cmd                                   0x20000088   Data           1  usart.o(.data)
    PC_Wcmd                                  0x20000089   Data           1  usart.o(.data)
    load                                     0x2000008a   Data           2  usart.o(.data)
    CmdStr                                   0x200000a4   Data         200  main.o(.bss)
    dateSendtoPC                             0x2000016c   Data          48  main.o(.bss)
    Temp_data                                0x2000019c   Data          30  sd_card.o(.bss)
    USART_RX_BUF                             0x200001ba   Data         150  usart.o(.bss)
    IndCalib                                 0x20000250   Data         210  calib.o(.bss)
    __libspace_start                         0x20000350   Data          96  libspace.o(.bss)
    __temporary_stack_top$libspace           0x200003b0   Data           0  libspace.o(.bss)



==============================================================================

Memory Map of the image

  Image Entry point : 0x08000131

  Load Region LR_IROM1 (Base: 0x08000000, Size: 0x00005790, Max: 0x00080000, ABSOLUTE)

    Execution Region ER_IROM1 (Base: 0x08000000, Size: 0x000056ec, Max: 0x00080000, ABSOLUTE)

    Base Addr    Size         Type   Attr      Idx    E Section Name        Object

    0x08000000   0x00000130   Data   RO          490    RESET               startup_stm32f10x_hd.o
    0x08000130   0x00000008   Code   RO          688  * !!!main             c_w.l(__main.o)
    0x08000138   0x00000034   Code   RO          932    !!!scatter          c_w.l(__scatter.o)
    0x0800016c   0x0000001a   Code   RO          934    !!handler_copy      c_w.l(__scatter_copy.o)
    0x08000186   0x00000002   PAD
    0x08000188   0x0000001c   Code   RO          936    !!handler_zi        c_w.l(__scatter_zi.o)
    0x080001a4   0x00000000   Code   RO          669    .ARM.Collect$$_printf_percent$$00000000  c_w.l(_printf_percent.o)
    0x080001a4   0x00000006   Code   RO          668    .ARM.Collect$$_printf_percent$$00000009  c_w.l(_printf_d.o)
    0x080001aa   0x00000006   Code   RO          667    .ARM.Collect$$_printf_percent$$0000000C  c_w.l(_printf_x.o)
    0x080001b0   0x00000006   Code   RO          666    .ARM.Collect$$_printf_percent$$00000014  c_w.l(_printf_s.o)
    0x080001b6   0x00000004   Code   RO          733    .ARM.Collect$$_printf_percent$$00000017  c_w.l(_printf_percent_end.o)
    0x080001ba   0x00000006   Code   RO          807    .ARM.Collect$$libinit$$00000000  c_w.l(libinit.o)
    0x080001c0   0x00000000   Code   RO          814    .ARM.Collect$$libinit$$00000006  c_w.l(libinit2.o)
    0x080001c0   0x00000000   Code   RO          816    .ARM.Collect$$libinit$$00000008  c_w.l(libinit2.o)
    0x080001c0   0x00000000   Code   RO          818    .ARM.Collect$$libinit$$0000000A  c_w.l(libinit2.o)
    0x080001c0   0x00000006   Code   RO          819    .ARM.Collect$$libinit$$0000000B  c_w.l(libinit2.o)
    0x080001c6   0x00000000   Code   RO          821    .ARM.Collect$$libinit$$0000000D  c_w.l(libinit2.o)
    0x080001c6   0x0000000c   Code   RO          822    .ARM.Collect$$libinit$$0000000E  c_w.l(libinit2.o)
    0x080001d2   0x00000000   Code   RO          823    .ARM.Collect$$libinit$$0000000F  c_w.l(libinit2.o)
    0x080001d2   0x00000000   Code   RO          825    .ARM.Collect$$libinit$$00000011  c_w.l(libinit2.o)
    0x080001d2   0x00000000   Code   RO          827    .ARM.Collect$$libinit$$00000013  c_w.l(libinit2.o)
    0x080001d2   0x00000000   Code   RO          829    .ARM.Collect$$libinit$$00000015  c_w.l(libinit2.o)
    0x080001d2   0x00000000   Code   RO          831    .ARM.Collect$$libinit$$00000017  c_w.l(libinit2.o)
    0x080001d2   0x00000000   Code   RO          833    .ARM.Collect$$libinit$$00000019  c_w.l(libinit2.o)
    0x080001d2   0x00000000   Code   RO          835    .ARM.Collect$$libinit$$0000001B  c_w.l(libinit2.o)
    0x080001d2   0x00000000   Code   RO          837    .ARM.Collect$$libinit$$0000001D  c_w.l(libinit2.o)
    0x080001d2   0x00000000   Code   RO          839    .ARM.Collect$$libinit$$0000001F  c_w.l(libinit2.o)
    0x080001d2   0x00000000   Code   RO          841    .ARM.Collect$$libinit$$00000021  c_w.l(libinit2.o)
    0x080001d2   0x00000000   Code   RO          845    .ARM.Collect$$libinit$$00000028  c_w.l(libinit2.o)
    0x080001d2   0x00000000   Code   RO          847    .ARM.Collect$$libinit$$0000002A  c_w.l(libinit2.o)
    0x080001d2   0x00000000   Code   RO          849    .ARM.Collect$$libinit$$0000002C  c_w.l(libinit2.o)
    0x080001d2   0x00000000   Code   RO          851    .ARM.Collect$$libinit$$0000002E  c_w.l(libinit2.o)
    0x080001d2   0x00000002   Code   RO          852    .ARM.Collect$$libinit$$0000002F  c_w.l(libinit2.o)
    0x080001d4   0x00000002   Code   RO          876    .ARM.Collect$$libshutdown$$00000000  c_w.l(libshutdown.o)
    0x080001d6   0x00000000   Code   RO          887    .ARM.Collect$$libshutdown$$00000003  c_w.l(libshutdown2.o)
    0x080001d6   0x00000000   Code   RO          890    .ARM.Collect$$libshutdown$$00000006  c_w.l(libshutdown2.o)
    0x080001d6   0x00000000   Code   RO          893    .ARM.Collect$$libshutdown$$00000009  c_w.l(libshutdown2.o)
    0x080001d6   0x00000000   Code   RO          895    .ARM.Collect$$libshutdown$$0000000B  c_w.l(libshutdown2.o)
    0x080001d6   0x00000000   Code   RO          898    .ARM.Collect$$libshutdown$$0000000E  c_w.l(libshutdown2.o)
    0x080001d6   0x00000002   Code   RO          899    .ARM.Collect$$libshutdown$$0000000F  c_w.l(libshutdown2.o)
    0x080001d8   0x00000000   Code   RO          716    .ARM.Collect$$rtentry$$00000000  c_w.l(rtentry.o)
    0x080001d8   0x00000000   Code   RO          756    .ARM.Collect$$rtentry$$00000002  c_w.l(rtentry2.o)
    0x080001d8   0x00000006   Code   RO          771    .ARM.Collect$$rtentry$$00000004  c_w.l(rtentry4.o)
    0x080001de   0x00000000   Code   RO          758    .ARM.Collect$$rtentry$$00000009  c_w.l(rtentry2.o)
    0x080001de   0x00000004   Code   RO          759    .ARM.Collect$$rtentry$$0000000A  c_w.l(rtentry2.o)
    0x080001e2   0x00000000   Code   RO          761    .ARM.Collect$$rtentry$$0000000C  c_w.l(rtentry2.o)
    0x080001e2   0x00000008   Code   RO          762    .ARM.Collect$$rtentry$$0000000D  c_w.l(rtentry2.o)
    0x080001ea   0x00000002   Code   RO          808    .ARM.Collect$$rtexit$$00000000  c_w.l(rtexit.o)
    0x080001ec   0x00000000   Code   RO          856    .ARM.Collect$$rtexit$$00000002  c_w.l(rtexit2.o)
    0x080001ec   0x00000004   Code   RO          857    .ARM.Collect$$rtexit$$00000003  c_w.l(rtexit2.o)
    0x080001f0   0x00000006   Code   RO          858    .ARM.Collect$$rtexit$$00000004  c_w.l(rtexit2.o)
    0x080001f6   0x00000002   PAD
    0x080001f8   0x000007e8   Code   RO            1    .text               main.o
    0x080009e0   0x0000001a   Code   RO          118    .text               stm32f10x_it.o
    0x080009fa   0x00000002   PAD
    0x080009fc   0x000001f8   Code   RO          162    .text               system_stm32f10x.o
    0x08000bf4   0x0000015c   Code   RO          180    .text               led.o
    0x08000d50   0x0000010c   Code   RO          215    .text               key.o
    0x08000e5c   0x000002b4   Code   RO          234    .text               ds18b20.o
    0x08001110   0x000001b2   Code   RO          249    .text               rtc.o
    0x080012c2   0x00000002   PAD
    0x080012c4   0x00000300   Code   RO          301    .text               sd_card.o
    0x080015c4   0x00000278   Code   RO          317    .text               files_sd.o
    0x0800183c   0x000000d4   Code   RO          332    .text               delay.o
    0x08001910   0x0000000c   Code   RO          346    .text               sys.o
    0x0800191c   0x00000ce8   Code   RO          358    .text               usart.o
    0x08002604   0x00000080   Code   RO          388    .text               crc16.o
    0x08002684   0x00000172   Code   RO          406    .text               dataflash.o
    0x080027f6   0x00000002   PAD
    0x080027f8   0x00000160   Code   RO          453    .text               calib.o
    0x08002958   0x00000040   Code   RO          491    .text               startup_stm32f10x_hd.o
    0x08002998   0x00000118   Code   RO          495    .text               misc.o
    0x08002ab0   0x00000418   Code   RO          507    .text               stm32f10x_gpio.o
    0x08002ec8   0x000004a4   Code   RO          519    .text               stm32f10x_rcc.o
    0x0800336c   0x000004fa   Code   RO          533    .text               stm32f10x_usart.o
    0x08003866   0x00000002   PAD
    0x08003868   0x000000ec   Code   RO          557    .text               stm32f10x_bkp.o
    0x08003954   0x000001a4   Code   RO          569    .text               stm32f10x_rtc.o
    0x08003af8   0x00000100   Code   RO          581    .text               stm32f10x_pwr.o
    0x08003bf8   0x000006c4   Code   RO          593    .text               stm32f10x_flash.o
    0x080042bc   0x00000002   Code   RO          607    .text               c_w.l(use_no_semi_2.o)
    0x080042be   0x00000002   PAD
    0x080042c0   0x00000018   Code   RO          613    .text               c_w.l(noretval__2printf.o)
    0x080042d8   0x00000028   Code   RO          615    .text               c_w.l(noretval__2sprintf.o)
    0x08004300   0x00000050   Code   RO          619    .text               c_w.l(_printf_pad.o)
    0x08004350   0x00000052   Code   RO          621    .text               c_w.l(_printf_str.o)
    0x080043a2   0x00000002   PAD
    0x080043a4   0x00000078   Code   RO          623    .text               c_w.l(_printf_dec.o)
    0x0800441c   0x0000005c   Code   RO          628    .text               c_w.l(_printf_hex_int.o)
    0x08004478   0x00000144   Code   RO          658    .text               c_w.l(__printf_flags_wp.o)
    0x080045bc   0x0000001a   Code   RO          670    .text               c_w.l(atoi.o)
    0x080045d6   0x00000002   PAD
    0x080045d8   0x0000000c   Code   RO          672    .text               c_w.l(strtok.o)
    0x080045e4   0x0000003e   Code   RO          675    .text               c_w.l(strlen.o)
    0x08004622   0x00000064   Code   RO          677    .text               c_w.l(rt_memcpy_w.o)
    0x08004686   0x00000044   Code   RO          679    .text               c_w.l(rt_memclr.o)
    0x080046ca   0x00000002   PAD
    0x080046cc   0x0000000c   Code   RO          681    .text               c_w.l(localtime.o)
    0x080046d8   0x000001a0   Code   RO          684    .text               c_w.l(mktime.o)
    0x08004878   0x00000006   Code   RO          686    .text               c_w.l(heapauxi.o)
    0x0800487e   0x00000002   Code   RO          714    .text               c_w.l(use_no_semi.o)
    0x08004880   0x00000008   Code   RO          721    .text               c_w.l(rt_errno_addr_intlibspace.o)
    0x08004888   0x000000b6   Code   RO          723    .text               c_w.l(_printf_intcommon.o)
    0x0800493e   0x00000002   PAD
    0x08004940   0x00000030   Code   RO          725    .text               c_w.l(_printf_char_common.o)
    0x08004970   0x0000000a   Code   RO          727    .text               c_w.l(_sputc.o)
    0x0800497a   0x0000002c   Code   RO          729    .text               c_w.l(_printf_char.o)
    0x080049a6   0x00000002   PAD
    0x080049a8   0x00000024   Code   RO          731    .text               c_w.l(_printf_char_file.o)
    0x080049cc   0x00000070   Code   RO          734    .text               c_w.l(strtol.o)
    0x08004a3c   0x00000048   Code   RO          736    .text               c_w.l(strtok_int.o)
    0x08004a84   0x0000004e   Code   RO          738    .text               c_w.l(rt_memclr_w.o)
    0x08004ad2   0x00000002   PAD
    0x08004ad4   0x000000a4   Code   RO          741    .text               c_w.l(localtime_internal.o)
    0x08004b78   0x00000008   Code   RO          752    .text               c_w.l(libspace.o)
    0x08004b80   0x00000010   Code   RO          773    .text               c_w.l(rt_ctype_table.o)
    0x08004b90   0x0000009e   Code   RO          777    .text               c_w.l(_strtoul.o)
    0x08004c2e   0x00000008   Code   RO          779    .text               c_w.l(ferror.o)
    0x08004c36   0x00000020   Code   RO          783    .text               c_w.l(strcspn.o)
    0x08004c56   0x0000001c   Code   RO          785    .text               c_w.l(strspn.o)
    0x08004c72   0x0000004a   Code   RO          787    .text               c_w.l(sys_stackheap_outer.o)
    0x08004cbc   0x00000008   Code   RO          792    .text               c_w.l(rt_locale_intlibspace.o)
    0x08004cc4   0x00000020   Code   RO          794    .text               c_w.l(_chval.o)
    0x08004ce4   0x0000000c   Code   RO          799    .text               c_w.l(exit.o)
    0x08004cf0   0x00000080   Code   RO          810    .text               c_w.l(strcmpv7m.o)
    0x08004d70   0x00000008   Code   RO          866    .text               c_w.l(rt_fp_status_addr_intlibspace.o)
    0x08004d78   0x0000000e   Code   RO          656    i._is_digit         c_w.l(__printf_wp.o)
    0x08004d86   0x00000002   PAD
    0x08004d88   0x0000002c   Code   RO          797    locale$$code        c_w.l(lc_ctype_c.o)
    0x08004db4   0x00000062   Code   RO          690    x$fpl$d2f           fz_ws.l(d2f.o)
    0x08004e16   0x0000002e   Code   RO          693    x$fpl$dflt          fz_ws.l(dflt_clz.o)
    0x08004e44   0x00000154   Code   RO          698    x$fpl$dmul          fz_ws.l(dmul.o)
    0x08004f98   0x0000009c   Code   RO          743    x$fpl$dnaninf       fz_ws.l(dnaninf.o)
    0x08005034   0x0000000c   Code   RO          745    x$fpl$dretinf       fz_ws.l(dretinf.o)
    0x08005040   0x00000056   Code   RO          700    x$fpl$f2d           fz_ws.l(f2d.o)
    0x08005096   0x00000002   PAD
    0x08005098   0x00000036   Code   RO          702    x$fpl$ffix          fz_ws.l(ffix.o)
    0x080050ce   0x00000002   PAD
    0x080050d0   0x00000030   Code   RO          707    x$fpl$fflt          fz_ws.l(fflt_clz.o)
    0x08005100   0x00000102   Code   RO          712    x$fpl$fmul          fz_ws.l(fmul.o)
    0x08005202   0x0000008c   Code   RO          747    x$fpl$fnaninf       fz_ws.l(fnaninf.o)
    0x0800528e   0x0000000e   Code   RO          853    x$fpl$fpinit        fz_ws.l(fpinit.o)
    0x0800529c   0x0000000a   Code   RO          749    x$fpl$fretinf       fz_ws.l(fretinf.o)
    0x080052a6   0x00000000   Code   RO          751    x$fpl$usenofp       fz_ws.l(usenofp.o)
    0x080052a6   0x00000002   PAD
    0x080052a8   0x000000cc   Data   RO            3    .constdata          main.o
    0x08005374   0x00000200   Data   RO          389    .constdata          crc16.o
    0x08005574   0x00000028   Data   RO          629    .constdata          c_w.l(_printf_hex_int.o)
    0x0800559c   0x00000011   Data   RO          659    .constdata          c_w.l(__printf_flags_wp.o)
    0x080055ad   0x0000000c   Data   RO          740    .constdata          c_w.l(_monlen.o)
    0x080055b9   0x00000003   PAD
    0x080055bc   0x00000020   Data   RO          930    Region$$Table       anon$$obj.o
    0x080055dc   0x00000110   Data   RO          796    locale$$data        c_w.l(lc_ctype_c.o)


    Execution Region RW_IRAM1 (Base: 0x20000000, Size: 0x000009b0, Max: 0x00010000, ABSOLUTE)

    Base Addr    Size         Type   Attr      Idx    E Section Name        Object

    0x20000000   0x0000002b   Data   RW            4    .data               main.o
    0x2000002b   0x00000001   PAD
    0x2000002c   0x00000014   Data   RW          163    .data               system_stm32f10x.o
    0x20000040   0x00000001   Data   RW          216    .data               key.o
    0x20000041   0x00000035   Data   RW          303    .data               sd_card.o
    0x20000076   0x00000002   Data   RW          318    .data               files_sd.o
    0x20000078   0x00000004   Data   RW          333    .data               delay.o
    0x2000007c   0x00000010   Data   RW          360    .data               usart.o
    0x2000008c   0x00000014   Data   RW          520    .data               stm32f10x_rcc.o
    0x200000a0   0x00000004   Data   RW          673    .data               c_w.l(strtok.o)
    0x200000a4   0x000000f8   Zero   RW            2    .bss                main.o
    0x2000019c   0x0000001e   Zero   RW          302    .bss                sd_card.o
    0x200001ba   0x00000096   Zero   RW          359    .bss                usart.o
    0x20000250   0x000000d2   Zero   RW          454    .bss                calib.o
    0x20000322   0x00000002   PAD
    0x20000324   0x0000002c   Zero   RW          682    .bss                c_w.l(localtime.o)
    0x20000350   0x00000060   Zero   RW          753    .bss                c_w.l(libspace.o)
    0x200003b0   0x00000200   Zero   RW          489    HEAP                startup_stm32f10x_hd.o
    0x200005b0   0x00000400   Zero   RW          488    STACK               startup_stm32f10x_hd.o


==============================================================================

Image component sizes


      Code (inc. data)   RO Data    RW Data    ZI Data      Debug   Object Name

       352         10          0          0        210       1587   calib.o
         0          0          0          0          0         32   core_cm3.o
       128          8        512          0          0       1545   crc16.o
       370          0          0          0          0       8887   dataflash.o
       212         18          0          4          0       1003   delay.o
       692         12          0          0          0       2517   ds18b20.o
       632         40          0          2          0       1630   files_sd.o
       268         12          0          1          0        824   key.o
       348         12          0          0          0     205331   led.o
      2024        224        204         43        248     228258   main.o
       280         28          0          0          0       1777   misc.o
       434          0          0          0          0       3783   rtc.o
       768         38          0         53         30       3354   sd_card.o
        64         26        304          0       1536        780   startup_stm32f10x_hd.o
       236         36          0          0          0       3376   stm32f10x_bkp.o
      1732         50          0          0          0       8278   stm32f10x_flash.o
      1048         46          0          0          0       5805   stm32f10x_gpio.o
        26          0          0          0          0      24266   stm32f10x_it.o
       256         16          0          0          0       1959   stm32f10x_pwr.o
      1188         64          0         20          0       8948   stm32f10x_rcc.o
       420         32          0          0          0       2726   stm32f10x_rtc.o
      1274         20          0          0          0       8484   stm32f10x_usart.o
        12          0          0          0          0        433   sys.o
       504         38          0         20          0       1703   system_stm32f10x.o
      3304        174          0         16        150      11557   usart.o

    ----------------------------------------------------------------------
     16580        904       1052        160       2176     538843   Object Totals
         0          0         32          0          0          0   (incl. Generated)
         8          0          0          1          2          1   (incl. Padding)

    ----------------------------------------------------------------------

      Code (inc. data)   RO Data    RW Data    ZI Data      Debug   Library Member Name

         8          0          0          0          0         68   __main.o
       324          6         17          0          0         92   __printf_flags_wp.o
        14          0          0          0          0         68   __printf_wp.o
        52          8          0          0          0          0   __scatter.o
        26          0          0          0          0          0   __scatter_copy.o
        28          0          0          0          0          0   __scatter_zi.o
        32          0          0          0          0         68   _chval.o
         0          0         12          0          0          0   _monlen.o
        44          0          0          0          0        108   _printf_char.o
        48          6          0          0          0         96   _printf_char_common.o
        36          4          0          0          0         80   _printf_char_file.o
         6          0          0          0          0          0   _printf_d.o
       120         18          0          0          0         92   _printf_dec.o
        92          4         40          0          0         88   _printf_hex_int.o
       182          0          0          0          0         88   _printf_intcommon.o
        80          0          0          0          0        108   _printf_pad.o
         0          0          0          0          0          0   _printf_percent.o
         4          0          0          0          0          0   _printf_percent_end.o
         6          0          0          0          0          0   _printf_s.o
        82          0          0          0          0         80   _printf_str.o
         6          0          0          0          0          0   _printf_x.o
        10          0          0          0          0         68   _sputc.o
       158          0          0          0          0         92   _strtoul.o
        26          0          0          0          0         80   atoi.o
        12          0          0          0          0         68   exit.o
         8          0          0          0          0         68   ferror.o
         6          0          0          0          0        152   heapauxi.o
        44         10        272          0          0         76   lc_ctype_c.o
         6          0          0          0          0          0   libinit.o
        20          0          0          0          0          0   libinit2.o
         2          0          0          0          0          0   libshutdown.o
         2          0          0          0          0          0   libshutdown2.o
         8          4          0          0         96         68   libspace.o
        12          6          0          0         44         68   localtime.o
       164          6          0          0          0         80   localtime_internal.o
       416          8          0          0          0        128   mktime.o
        24          4          0          0          0         84   noretval__2printf.o
        40          6          0          0          0         84   noretval__2sprintf.o
        16          4          0          0          0         76   rt_ctype_table.o
         8          4          0          0          0         68   rt_errno_addr_intlibspace.o
         8          4          0          0          0         68   rt_fp_status_addr_intlibspace.o
         8          4          0          0          0         68   rt_locale_intlibspace.o
        68          0          0          0          0         68   rt_memclr.o
        78          0          0          0          0         80   rt_memclr_w.o
       100          0          0          0          0         80   rt_memcpy_w.o
         0          0          0          0          0          0   rtentry.o
        12          0          0          0          0          0   rtentry2.o
         6          0          0          0          0          0   rtentry4.o
         2          0          0          0          0          0   rtexit.o
        10          0          0          0          0          0   rtexit2.o
       128          0          0          0          0         68   strcmpv7m.o
        32          0          0          0          0         80   strcspn.o
        62          0          0          0          0         76   strlen.o
        28          0          0          0          0         80   strspn.o
        12          6          0          4          0         68   strtok.o
        72          6          0          0          0         84   strtok_int.o
       112          0          0          0          0         88   strtol.o
        74          0          0          0          0         80   sys_stackheap_outer.o
         2          0          0          0          0         68   use_no_semi.o
         2          0          0          0          0         68   use_no_semi_2.o
        98          4          0          0          0         92   d2f.o
        46          0          0          0          0         68   dflt_clz.o
       340         12          0          0          0        104   dmul.o
       156          4          0          0          0         92   dnaninf.o
        12          0          0          0          0         68   dretinf.o
        86          4          0          0          0         84   f2d.o
        54          4          0          0          0         84   ffix.o
        48          0          0          0          0         68   fflt_clz.o
       258          4          0          0          0         84   fmul.o
       140          4          0          0          0         84   fnaninf.o
        14          0          0          0          0         76   fpinit.o
        10          0          0          0          0         68   fretinf.o
         0          0          0          0          0          0   usenofp.o

    ----------------------------------------------------------------------
      4276        154        344          4        140       4392   Library Totals
        26          0          3          0          0          0   (incl. Padding)

    ----------------------------------------------------------------------

      Code (inc. data)   RO Data    RW Data    ZI Data      Debug   Library Name

      2988        118        341          4        140       3420   c_w.l
      1262         36          0          0          0        972   fz_ws.l

    ----------------------------------------------------------------------
      4276        154        344          4        140       4392   Library Totals

    ----------------------------------------------------------------------

==============================================================================


      Code (inc. data)   RO Data    RW Data    ZI Data      Debug   

     20856       1058       1396        164       2316     538348   Grand Totals
     20856       1058       1396        164       2316     538348   ELF Image Totals
     20856       1058       1396        164          0          0   ROM Totals

==============================================================================

    Total RO  Size (Code + RO Data)                22252 (  21.73kB)
    Total RW  Size (RW Data + ZI Data)              2480 (   2.42kB)
    Total ROM Size (Code + RO Data + RW Data)      22416 (  21.89kB)

==============================================================================

