ARM Linker, 4.1 [Build 644] [Standard]

==============================================================================

Section Cross References

    main.o(.text) refers to _printf_pad.o(.text) for _printf_pre_padding
    main.o(.text) refers to _printf_percent.o(.ARM.Collect$$_printf_percent$$00000000) for _printf_percent
    main.o(.text) refers to _printf_d.o(.ARM.Collect$$_printf_percent$$00000009) for _printf_d
    main.o(.text) refers to _printf_f.o(.ARM.Collect$$_printf_percent$$00000003) for _printf_f
    main.o(.text) refers to _printf_dec.o(.text) for _printf_int_dec
    main.o(.text) refers to printf1.o(x$fpl$printf1) for _printf_fp_dec
    main.o(.text) refers to _printf_s.o(.ARM.Collect$$_printf_percent$$00000014) for _printf_s
    main.o(.text) refers to _printf_str.o(.text) for _printf_str
    main.o(.text) refers to _printf_x.o(.ARM.Collect$$_printf_percent$$0000000C) for _printf_x
    main.o(.text) refers to _printf_hex_int.o(.text) for _printf_longlong_hex
    main.o(.text) refers to usart.o(.text) for send_byte_to_usart5
    main.o(.text) refers to crc16.o(.text) for getCRC16_LowFirst
    main.o(.text) refers to dataflash.o(.text) for Flash_Read
    main.o(.text) refers to delay.o(.text) for delay_init
    main.o(.text) refers to sys.o(.text) for NVIC_Configuration
    main.o(.text) refers to led.o(.text) for LED_Init
    main.o(.text) refers to key.o(.text) for KEY_Init
    main.o(.text) refers to sd_card.o(.text) for SD_init
    main.o(.text) refers to stm32f10x_gpio.o(.text) for GPIO_SetBits
    main.o(.text) refers to rt_memcpy_w.o(.text) for __aeabi_memcpy4
    main.o(.text) refers to rtc.o(.text) for RTC_Init
    main.o(.text) refers to noretval__2printf.o(.text) for __2printf
    main.o(.text) refers to ds18b20.o(.text) for DS18B20_Init
    main.o(.text) refers to calib.o(.text) for Volt2Distance
    main.o(.text) refers to files_sd.o(.text) for write_string_to_files
    main.o(.text) refers to rt_memclr_w.o(.text) for __aeabi_memclr4
    main.o(.text) refers to fflt_clz.o(x$fpl$fflt) for __aeabi_i2f
    main.o(.text) refers to fdiv.o(x$fpl$fdiv) for __aeabi_fdiv
    main.o(.text) refers to f2d.o(x$fpl$f2d) for __aeabi_f2d
    main.o(.text) refers to noretval__2sprintf.o(.text) for __2sprintf
    main.o(.text) refers to calib.o(.bss) for IndCalib
    main.o(.text) refers to main.o(.data) for g_Pa
    main.o(.text) refers to main.o(.bss) for SDStr
    main.o(.text) refers to main.o(.constdata) for .constdata
    main.o(.text) refers to usart.o(.data) for PC_Wcmd
    system_stm32f10x.o(.text) refers to system_stm32f10x.o(.data) for SystemCoreClock
    led.o(.text) refers to stm32f10x_rcc.o(.text) for RCC_APB2PeriphClockCmd
    led.o(.text) refers to stm32f10x_gpio.o(.text) for GPIO_Init
    key.o(.text) refers to stm32f10x_rcc.o(.text) for RCC_APB2PeriphClockCmd
    key.o(.text) refers to stm32f10x_gpio.o(.text) for GPIO_Init
    key.o(.text) refers to delay.o(.text) for delay_ms
    key.o(.text) refers to key.o(.data) for key_up
    ds18b20.o(.text) refers to stm32f10x_rcc.o(.text) for RCC_APB2PeriphClockCmd
    ds18b20.o(.text) refers to stm32f10x_gpio.o(.text) for GPIO_Init
    ds18b20.o(.text) refers to delay.o(.text) for delay_us
    ds18b20.o(.text) refers to fflt_clz.o(x$fpl$fflt) for __aeabi_i2f
    ds18b20.o(.text) refers to f2d.o(x$fpl$f2d) for __aeabi_f2d
    ds18b20.o(.text) refers to dmul.o(x$fpl$dmul) for __aeabi_dmul
    ds18b20.o(.text) refers to d2f.o(x$fpl$d2f) for __aeabi_d2f
    ds18b20.o(.text) refers to dflt_clz.o(x$fpl$dflt) for __aeabi_i2d
    ds18b20.o(.text) refers to fmul.o(x$fpl$fmul) for __aeabi_fmul
    ds18b20.o(.text) refers to ffix.o(x$fpl$ffix) for __aeabi_f2iz
    rtc.o(.text) refers to mktime.o(.text) for mktime
    rtc.o(.text) refers to stm32f10x_rcc.o(.text) for RCC_APB1PeriphClockCmd
    rtc.o(.text) refers to stm32f10x_pwr.o(.text) for PWR_BackupAccessCmd
    rtc.o(.text) refers to stm32f10x_bkp.o(.text) for BKP_DeInit
    rtc.o(.text) refers to stm32f10x_rtc.o(.text) for RTC_WaitForSynchro
    rtc.o(.text) refers to rt_memcpy_w.o(.text) for __aeabi_memcpy4
    rtc.o(.text) refers to misc.o(.text) for NVIC_PriorityGroupConfig
    rtc.o(.text) refers to localtime.o(.text) for localtime
    timer.o(.text) refers to stm32f10x_rcc.o(.text) for RCC_APB2PeriphClockCmd
    timer.o(.text) refers to stm32f10x_gpio.o(.text) for GPIO_StructInit
    timer.o(.text) refers to stm32f10x_tim.o(.text) for TIM_DeInit
    sd_card.o(.text) refers to usart.o(.text) for send_buf_to_usart3
    sd_card.o(.text) refers to stm32f10x_gpio.o(.text) for GPIO_Init
    sd_card.o(.text) refers to sd_card.o(.data) for Cmd_header
    sd_card.o(.text) refers to sd_card.o(.bss) for Temp_data
    files_sd.o(.text) refers to _printf_pad.o(.text) for _printf_pre_padding
    files_sd.o(.text) refers to _printf_percent.o(.ARM.Collect$$_printf_percent$$00000000) for _printf_percent
    files_sd.o(.text) refers to _printf_d.o(.ARM.Collect$$_printf_percent$$00000009) for _printf_d
[...]
    .text                                    0x08002b10   Section        0  stm32f10x_gpio.o(.text)
    .text                                    0x08002f28   Section        0  stm32f10x_rcc.o(.text)
    .text                                    0x080033cc   Section        0  stm32f10x_usart.o(.text)
    .text                                    0x080038c8   Section        0  stm32f10x_bkp.o(.text)
    .text                                    0x080039b4   Section        0  stm32f10x_rtc.o(.text)
    .text                                    0x08003b58   Section        0  stm32f10x_pwr.o(.text)
    .text                                    0x08003c58   Section        0  stm32f10x_flash.o(.text)
    .text                                    0x0800431c   Section        2  use_no_semi_2.o(.text)
    .text                                    0x08004320   Section        0  noretval__2printf.o(.text)
    .text                                    0x08004338   Section        0  noretval__2sprintf.o(.text)
    .text                                    0x08004360   Section        0  _printf_pad.o(.text)
    .text                                    0x080043b0   Section        0  _printf_str.o(.text)
    .text                                    0x08004404   Section        0  _printf_dec.o(.text)
    .text                                    0x0800447c   Section        0  _printf_hex_int.o(.text)
    .text                                    0x080044d8   Section        0  __printf_flags_wp.o(.text)
    .text                                    0x0800461c   Section        0  atoi.o(.text)
    .text                                    0x08004638   Section        0  strtok.o(.text)
    .text                                    0x08004644   Section        0  strlen.o(.text)
    .text                                    0x08004682   Section      100  rt_memcpy_w.o(.text)
    .text                                    0x080046e6   Section       68  rt_memclr.o(.text)
    .text                                    0x0800472a   Section       78  rt_memclr_w.o(.text)
    .text                                    0x08004778   Section        0  localtime.o(.text)
    .text                                    0x08004784   Section        0  mktime.o(.text)
    _tm_carry                                0x08004785   Thumb Code    54  mktime.o(.text)
    .text                                    0x08004924   Section        0  heapauxi.o(.text)
    .text                                    0x0800492a   Section        2  use_no_semi.o(.text)
    .text                                    0x0800492c   Section        8  rt_errno_addr_intlibspace.o(.text)
    .text                                    0x08004934   Section        0  _printf_intcommon.o(.text)
    .text                                    0x080049ea   Section        0  _printf_fp_dec.o(.text)
    _fp_digits                               0x080049ed   Thumb Code   418  _printf_fp_dec.o(.text)
    .text                                    0x08004e14   Section        0  _printf_char_common.o(.text)
    _printf_input_char                       0x08004e15   Thumb Code    10  _printf_char_common.o(.text)
    .text                                    0x08004e44   Section        0  _sputc.o(.text)
    .text                                    0x08004e4e   Section        0  _printf_char.o(.text)
    .text                                    0x08004e7c   Section        0  _printf_char_file.o(.text)
    .text                                    0x08004ea0   Section        0  strtol.o(.text)
    .text                                    0x08004f10   Section        0  strtok_int.o(.text)
    .text                                    0x08004f58   Section        0  localtime_internal.o(.text)
    .text                                    0x08004ffc   Section        8  libspace.o(.text)
    .text                                    0x08005004   Section       16  rt_ctype_table.o(.text)
    .text                                    0x08005014   Section        8  rt_locale_intlibspace.o(.text)
    .text                                    0x0800501c   Section      138  lludiv10.o(.text)
    .text                                    0x080050a8   Section        0  _printf_fp_infnan.o(.text)
    .text                                    0x08005124   Section        0  _strtoul.o(.text)
    .text                                    0x080051c4   Section        0  bigflt0.o(.text)
    .text                                    0x080052a8   Section        0  ferror.o(.text)
    .text                                    0x080052b0   Section        0  strcspn.o(.text)
    .text                                    0x080052d0   Section        0  strspn.o(.text)
    .text                                    0x080052ec   Section       74  sys_stackheap_outer.o(.text)
    .text                                    0x08005336   Section        0  _chval.o(.text)
    .text                                    0x08005356   Section        0  exit.o(.text)
    .text                                    0x08005364   Section      128  strcmpv7m.o(.text)
    .text                                    0x080053e4   Section        8  rt_fp_status_addr_intlibspace.o(.text)
    CL$$btod_d2e                             0x080053ec   Section       62  btod.o(CL$$btod_d2e)
    CL$$btod_d2e_denorm_low                  0x0800542a   Section       70  btod.o(CL$$btod_d2e_denorm_low)
    CL$$btod_d2e_norm_op1                    0x08005470   Section       96  btod.o(CL$$btod_d2e_norm_op1)
    CL$$btod_div_common                      0x080054d0   Section      824  btod.o(CL$$btod_div_common)
    CL$$btod_e2e                             0x08005808   Section      198  btod.o(CL$$btod_e2e)
    CL$$btod_ediv                            0x080058ce   Section       40  btod.o(CL$$btod_ediv)
    CL$$btod_emul                            0x080058f6   Section       40  btod.o(CL$$btod_emul)
    CL$$btod_mult_common                     0x0800591e   Section      580  btod.o(CL$$btod_mult_common)
    i.__ARM_fpclassify                       0x08005b62   Section        0  fpclassify.o(i.__ARM_fpclassify)
    i._is_digit                              0x08005b8a   Section        0  __printf_wp.o(i._is_digit)
    locale$$code                             0x08005b98   Section       44  lc_numeric_c.o(locale$$code)
    locale$$code                             0x08005bc4   Section       44  lc_ctype_c.o(locale$$code)
    x$fpl$d2f                                0x08005bf0   Section       98  d2f.o(x$fpl$d2f)
    x$fpl$dflt                               0x08005c52   Section       46  dflt_clz.o(x$fpl$dflt)
    x$fpl$dmul                               0x08005c80   Section      340  dmul.o(x$fpl$dmul)
    x$fpl$dnaninf                            0x08005dd4   Section      156  dnaninf.o(x$fpl$dnaninf)
    x$fpl$dretinf                            0x08005e70   Section       12  dretinf.o(x$fpl$dretinf)
    x$fpl$f2d                                0x08005e7c   Section       86  f2d.o(x$fpl$f2d)
    x$fpl$fdiv                               0x08005ed4   Section      388  fdiv.o(x$fpl$fdiv)
    _fdiv1                                   0x08005ed5   Thumb Code     0  fdiv.o(x$fpl$fdiv)
    x$fpl$ffix                               0x08006058   Section       54  ffix.o(x$fpl$ffix)
    x$fpl$fflt                               0x08006090   Section       48  fflt_clz.o(x$fpl$fflt)
    x$fpl$fmul                               0x080060c0   Section      258  fmul.o(x$fpl$fmul)
    x$fpl$fnaninf                            0x080061c2   Section      140  fnaninf.o(x$fpl$fnaninf)
    x$fpl$fpinit                             0x0800624e   Section       14  fpinit.o(x$fpl$fpinit)
    x$fpl$fretinf                            0x0800625c   Section       10  fretinf.o(x$fpl$fretinf)
    x$fpl$printf1                            0x08006266   Section        4  printf1.o(x$fpl$printf1)
    x$fpl$usenofp                            0x0800626a   Section        0  usenofp.o(x$fpl$usenofp)
    .constdata                               0x0800626c   Section      192  main.o(.constdata)
    .constdata                               0x0800632c   Section      512  crc16.o(.constdata)
    .constdata                               0x0800652c   Section       40  _printf_hex_int.o(.constdata)
    uc_hextab                                0x0800652c   Data          20  _printf_hex_int.o(.constdata)
    lc_hextab                                0x08006540   Data          20  _printf_hex_int.o(.constdata)
    .constdata                               0x08006554   Section       17  __printf_flags_wp.o(.constdata)
    maptable                                 0x08006554   Data          17  __printf_flags_wp.o(.constdata)
    .constdata                               0x08006565   Section       12  _monlen.o(.constdata)
    .constdata                               0x08006574   Section      148  bigflt0.o(.constdata)
    tenpwrs_x                                0x08006574   Data          60  bigflt0.o(.constdata)
    tenpwrs_i                                0x080065b0   Data          64  bigflt0.o(.constdata)
    locale$$data                             0x08006628   Section       28  lc_numeric_c.o(locale$$data)
    __lcnum_c_name                           0x0800662c   Data           2  lc_numeric_c.o(locale$$data)
    __lcnum_c_start                          0x08006634   Data           0  lc_numeric_c.o(locale$$data)
    __lcnum_c_point                          0x08006640   Data           0  lc_numeric_c.o(locale$$data)
    __lcnum_c_thousands                      0x08006642   Data           0  lc_numeric_c.o(locale$$data)
    __lcnum_c_grouping                       0x08006643   Data           0  lc_numeric_c.o(locale$$data)
    locale$$data                             0x08006644   Section      272  lc_ctype_c.o(locale$$data)
    __lcnum_c_end                            0x08006644   Data           0  lc_numeric_c.o(locale$$data)
    __lcctype_c_name                         0x08006648   Data           2  lc_ctype_c.o(locale$$data)
    __lcctype_c_start                        0x08006650   Data           0  lc_ctype_c.o(locale$$data)
    __lcctype_c_end                          0x08006754   Data           0  lc_ctype_c.o(locale$$data)
    .data                                    0x20000000   Section       51  main.o(.data)
    .data                                    0x20000034   Section       20  system_stm32f10x.o(.data)
    .data                                    0x20000048   Section        1  key.o(.data)
    key_up                                   0x20000048   Data           1  key.o(.data)
    .data                                    0x20000049   Section       53  sd_card.o(.data)
    Cmd_header                               0x20000056   Data           2  sd_card.o(.data)
    SYS_state                                0x20000058   Data           6  sd_card.o(.data)
    Sav_files                                0x2000005e   Data           6  sd_card.o(.data)
    Close_files                              0x20000064   Data           6  sd_card.o(.data)
    .data                                    0x2000007e   Section        2  files_sd.o(.data)
    .data                                    0x20000080   Section        4  delay.o(.data)
    fac_us                                   0x20000080   Data           1  delay.o(.data)
    fac_ms                                   0x20000082   Data           2  delay.o(.data)
    .data                                    0x20000084   Section       16  usart.o(.data)
    .data                                    0x20000094   Section       20  stm32f10x_rcc.o(.data)
    APBAHBPrescTable                         0x20000094   Data          16  stm32f10x_rcc.o(.data)
    ADCPrescTable                            0x200000a4   Data           4  stm32f10x_rcc.o(.data)
    .data                                    0x200000a8   Section        4  strtok.o(.data)
    _strtok_saves1                           0x200000a8   Data           4  strtok.o(.data)
    .bss                                     0x200000ac   Section     1248  main.o(.bss)
    .bss                                     0x2000058c   Section       30  sd_card.o(.bss)
    .bss                                     0x200005aa   Section      150  usart.o(.bss)
    .bss                                     0x20000640   Section      210  calib.o(.bss)
    .bss                                     0x20000714   Section       44  localtime.o(.bss)
    _tms                                     0x20000714   Data          44  localtime.o(.bss)
    .bss                                     0x20000740   Section       96  libspace.o(.bss)
    HEAP                                     0x200007a0   Section      512  startup_stm32f10x_hd.o(HEAP)
    Heap_Mem                                 0x200007a0   Data         512  startup_stm32f10x_hd.o(HEAP)
    STACK                                    0x200009a0   Section     1024  startup_stm32f10x_hd.o(STACK)
    Stack_Mem                                0x200009a0   Data        1024  startup_stm32f10x_hd.o(STACK)
    __initial_sp                             0x20000da0   Data           0  startup_stm32f10x_hd.o(STACK)

    Global Symbols

    Symbol Name                              Value     Ov Type        Size  Object(Section)

    BuildAttributes$$THM_ISAv4$P$D$K$B$S$PE$A:L22UL41UL21$X:L11$S22US41US21$IEEE1$IW$USESV6$~STKCKD$USESV7$~SHL$OTIME$ROPI$IEEEJ$EBA8$UX$STANDARDLIB$REQ8$PRES8$EABIv2 0x00000000   Number         0  anon$$obj.o ABSOLUTE
    __ARM_use_no_argv                        0x00000000   Number         0  main.o ABSOLUTE
    _printf_flags                            0x00000000   Number         0  printf_stubs.o ABSOLUTE
    _printf_return_value                     0x00000000   Number         0  printf_stubs.o ABSOLUTE
    _printf_sizespec                         0x00000000   Number         0  printf_stubs.o ABSOLUTE
    _printf_widthprec                        0x00000000   Number         0  printf_stubs.o ABSOLUTE
    __ARM_exceptions_init                     - Undefined Weak Reference
    __alloca_initialize                       - Undefined Weak Reference
    __cpp_initialize__aeabi_                  - Undefined Weak Reference
    __cxa_finalize                            - Undefined Weak Reference
    __sigvec_lookup                           - Undefined Weak Reference
    _atexit_init                              - Undefined Weak Reference
    _call_atexit_fns                          - Undefined Weak Reference
    _clock_init                               - Undefined Weak Reference
    _fp_trap_init                             - Undefined Weak Reference
    _fp_trap_shutdown                         - Undefined Weak Reference
    _get_lc_collate                           - Undefined Weak Reference
    _get_lc_monetary                          - Undefined Weak Reference
    _get_lc_time                              - Undefined Weak Reference
    _getenv_init                              - Undefined Weak Reference
    _handle_redirection                       - Undefined Weak Reference
    _init_alloc                               - Undefined Weak Reference
    _init_user_alloc                          - Undefined Weak Reference
    _initio                                   - Undefined Weak Reference
    _mutex_acquire                            - Undefined Weak Reference
    _mutex_release                            - Undefined Weak Reference
    _printf_mbtowc                            - Undefined Weak Reference
    _printf_truncate_signed                   - Undefined Weak Reference
    _printf_truncate_unsigned                 - Undefined Weak Reference
    _rand_init                                - Undefined Weak Reference
    _signal_finish                            - Undefined Weak Reference
    _signal_init                              - Undefined Weak Reference
    _terminate_alloc                          - Undefined Weak Reference
    _terminate_user_alloc                     - Undefined Weak Reference
    _terminateio                              - Undefined Weak Reference
    __Vectors_Size                           0x00000130   Number         0  startup_stm32f10x_hd.o ABSOLUTE
    __Vectors                                0x08000000   Data           4  startup_stm32f10x_hd.o(RESET)
    __Vectors_End                            0x08000130   Data           0  startup_stm32f10x_hd.o(RESET)
    __main                                   0x08000131   Thumb Code     8  __main.o(!!!main)
    __scatterload                            0x08000139   Thumb Code     0  __scatter.o(!!!scatter)
    __scatterload_rt2                        0x08000139   Thumb Code    44  __scatter.o(!!!scatter)
    __scatterload_rt2_thumb_only             0x08000139   Thumb Code     0  __scatter.o(!!!scatter)
    __scatterload_null                       0x08000147   Thumb Code     0  __scatter.o(!!!scatter)
    __scatterload_copy                       0x0800016d   Thumb Code    26  __scatter_copy.o(!!handler_copy)
    __scatterload_zeroinit                   0x08000189   Thumb Code    28  __scatter_zi.o(!!handler_zi)
    _printf_f                                0x080001a5   Thumb Code     0  _printf_f.o(.ARM.Collect$$_printf_percent$$00000003)
    _printf_percent                          0x080001a5   Thumb Code     0  _printf_percent.o(.ARM.Collect$$_printf_percent$$00000000)
    _printf_d                                0x080001ab   Thumb Code     0  _printf_d.o(.ARM.Collect$$_printf_percent$$00000009)
    _printf_x                                0x080001b1   Thumb Code     0  _printf_x.o(.ARM.Collect$$_printf_percent$$0000000C)
    _printf_s                                0x080001b7   Thumb Code     0  _printf_s.o(.ARM.Collect$$_printf_percent$$00000014)
    _printf_percent_end                      0x080001bd   Thumb Code     0  _printf_percent_end.o(.ARM.Collect$$_printf_percent$$00000017)
    __rt_lib_init                            0x080001c1   Thumb Code     0  libinit.o(.ARM.Collect$$libinit$$00000000)
    __rt_lib_init_heap_1                     0x080001c7   Thumb Code     0  libinit2.o(.ARM.Collect$$libinit$$00000006)
    __rt_lib_init_lc_common                  0x080001c7   Thumb Code     0  libinit2.o(.ARM.Collect$$libinit$$0000000B)
    __rt_lib_init_rand_1                     0x080001c7   Thumb Code     0  libinit2.o(.ARM.Collect$$libinit$$0000000A)
    __rt_lib_init_user_alloc_1               0x080001c7   Thumb Code     0  libinit2.o(.ARM.Collect$$libinit$$00000008)
    __rt_lib_init_lc_collate_1               0x080001cd   Thumb Code     0  libinit2.o(.ARM.Collect$$libinit$$0000000D)
    __rt_lib_init_lc_ctype_2                 0x080001cd   Thumb Code     0  libinit2.o(.ARM.Collect$$libinit$$0000000E)
    __rt_lib_init_lc_ctype_1                 0x080001d9   Thumb Code     0  libinit2.o(.ARM.Collect$$libinit$$0000000F)
    __rt_lib_init_lc_monetary_1              0x080001d9   Thumb Code     0  libinit2.o(.ARM.Collect$$libinit$$00000011)
    __rt_lib_init_lc_numeric_2               0x080001d9   Thumb Code     0  libinit2.o(.ARM.Collect$$libinit$$00000012)
    __rt_lib_init_alloca_1                   0x080001e3   Thumb Code     0  libinit2.o(.ARM.Collect$$libinit$$0000002A)
    __rt_lib_init_argv_1                     0x080001e3   Thumb Code     0  libinit2.o(.ARM.Collect$$libinit$$00000028)
    __rt_lib_init_atexit_1                   0x080001e3   Thumb Code     0  libinit2.o(.ARM.Collect$$libinit$$00000017)
    __rt_lib_init_clock_1                    0x080001e3   Thumb Code     0  libinit2.o(.ARM.Collect$$libinit$$0000001D)
    __rt_lib_init_cpp_1                      0x080001e3   Thumb Code     0  libinit2.o(.ARM.Collect$$libinit$$0000002E)
    __rt_lib_init_exceptions_1               0x080001e3   Thumb Code     0  libinit2.o(.ARM.Collect$$libinit$$0000002C)
    __rt_lib_init_fp_trap_1                  0x080001e3   Thumb Code     0  libinit2.o(.ARM.Collect$$libinit$$0000001B)
    __rt_lib_init_getenv_1                   0x080001e3   Thumb Code     0  libinit2.o(.ARM.Collect$$libinit$$0000001F)
    __rt_lib_init_lc_numeric_1               0x080001e3   Thumb Code     0  libinit2.o(.ARM.Collect$$libinit$$00000013)
    __rt_lib_init_lc_time_1                  0x080001e3   Thumb Code     0  libinit2.o(.ARM.Collect$$libinit$$00000015)
    __rt_lib_init_return                     0x080001e3   Thumb Code     0  libinit2.o(.ARM.Collect$$libinit$$0000002F)
    __rt_lib_init_signal_1                   0x080001e3   Thumb Code     0  libinit2.o(.ARM.Collect$$libinit$$00000019)
    __rt_lib_init_stdio_1                    0x080001e3   Thumb Code     0  libinit2.o(.ARM.Collect$$libinit$$00000021)
    __rt_lib_shutdown                        0x080001e5   Thumb Code     0  libshutdown.o(.ARM.Collect$$libshutdown$$00000000)
    __rt_lib_shutdown_fp_trap_1              0x080001e7   Thumb Code     0  libshutdown2.o(.ARM.Collect$$libshutdown$$00000006)
    __rt_lib_shutdown_heap_1                 0x080001e7   Thumb Code     0  libshutdown2.o(.ARM.Collect$$libshutdown$$0000000E)
    __rt_lib_shutdown_return                 0x080001e7   Thumb Code     0  libshutdown2.o(.ARM.Collect$$libshutdown$$0000000F)
    __rt_lib_shutdown_signal_1               0x080001e7   Thumb Code     0  libshutdown2.o(.ARM.Collect$$libshutdown$$00000009)
    __rt_lib_shutdown_stdio_1                0x080001e7   Thumb Code     0  libshutdown2.o(.ARM.Collect$$libshutdown$$00000003)
    __rt_lib_shutdown_user_alloc_1           0x080001e7   Thumb Code     0  libshutdown2.o(.ARM.Collect$$libshutdown$$0000000B)
    __rt_entry                               0x080001e9   Thumb Code     0  rtentry.o(.ARM.Collect$$rtentry$$00000000)
    __rt_entry_presh_1                       0x080001e9   Thumb Code     0  rtentry2.o(.ARM.Collect$$rtentry$$00000002)
    __rt_entry_sh                            0x080001e9   Thumb Code     0  rtentry4.o(.ARM.Collect$$rtentry$$00000004)
    __rt_entry_li                            0x080001ef   Thumb Code     0  rtentry2.o(.ARM.Collect$$rtentry$$0000000A)
    __rt_entry_postsh_1                      0x080001ef   Thumb Code     0  rtentry2.o(.ARM.Collect$$rtentry$$00000009)
    __rt_entry_main                          0x080001f3   Thumb Code     0  rtentry2.o(.ARM.Collect$$rtentry$$0000000D)
    __rt_entry_postli_1                      0x080001f3   Thumb Code     0  rtentry2.o(.ARM.Collect$$rtentry$$0000000C)
    __rt_exit                                0x080001fb   Thumb Code     0  rtexit.o(.ARM.Collect$$rtexit$$00000000)
    __rt_exit_ls                             0x080001fd   Thumb Code     0  rtexit2.o(.ARM.Collect$$rtexit$$00000003)
    __rt_exit_prels_1                        0x080001fd   Thumb Code     0  rtexit2.o(.ARM.Collect$$rtexit$$00000002)
    __rt_exit_exit                           0x08000201   Thumb Code     0  rtexit2.o(.ARM.Collect$$rtexit$$00000004)
    sendADCmd                                0x08000209   Thumb Code    52  main.o(.text)
    sendWeightCmd                            0x0800023d   Thumb Code    52  main.o(.text)
    sendWeightZeroCmd                        0x08000271   Thumb Code    52  main.o(.text)
    sendWeightLoad1Cmd                       0x080002a5   Thumb Code    52  main.o(.text)
    sendWeightLoad2Cmd                       0x080002d9   Thumb Code   142  main.o(.text)
    sendWindSpeedCmd                         0x08000367   Thumb Code    52  main.o(.text)
    sendWindDirCmd                           0x0800039b   Thumb Code    52  main.o(.text)
    main                                     0x080003cf   Thumb Code  1538  main.o(.text)
    NMI_Handler                              0x08000a09   Thumb Code     2  stm32f10x_it.o(.text)
    HardFault_Handler                        0x08000a0b   Thumb Code     4  stm32f10x_it.o(.text)
    MemManage_Handler                        0x08000a0f   Thumb Code     4  stm32f10x_it.o(.text)
    BusFault_Handler                         0x08000a13   Thumb Code     4  stm32f10x_it.o(.text)
    UsageFault_Handler                       0x08000a17   Thumb Code     4  stm32f10x_it.o(.text)
    SVC_Handler                              0x08000a1b   Thumb Code     2  stm32f10x_it.o(.text)
    DebugMon_Handler                         0x08000a1d   Thumb Code     2  stm32f10x_it.o(.text)
    PendSV_Handler                           0x08000a1f   Thumb Code     2  stm32f10x_it.o(.text)
    SysTick_Handler                          0x08000a21   Thumb Code     2  stm32f10x_it.o(.text)
    SystemInit                               0x08000aff   Thumb Code    82  system_stm32f10x.o(.text)
    SystemCoreClockUpdate                    0x08000b51   Thumb Code   166  system_stm32f10x.o(.text)
    LED_Init                                 0x08000c1d   Thumb Code   336  led.o(.text)
    KEY_Init                                 0x08000d79   Thumb Code    60  key.o(.text)
    KEY_Scan                                 0x08000db5   Thumb Code   196  key.o(.text)
    DS18B20_GPIO_Config                      0x08000e85   Thumb Code    52  ds18b20.o(.text)
    DS18B20_Mode_IPU                         0x08000eb9   Thumb Code    28  ds18b20.o(.text)
    DS18B20_Mode_Out                         0x08000ed5   Thumb Code    36  ds18b20.o(.text)
    DS18B20_Rst                              0x08000ef9   Thumb Code    42  ds18b20.o(.text)
    DS18B20_Answer_Check                     0x08000f23   Thumb Code   106  ds18b20.o(.text)
    DS18B20_Read_Bit                         0x08000f8d   Thumb Code    74  ds18b20.o(.text)
    DS18B20_Read_Byte                        0x08000fd7   Thumb Code    46  ds18b20.o(.text)
    DS18B20_Write_Byte                       0x08001005   Thumb Code   108  ds18b20.o(.text)
    DS18B20_Init                             0x08001071   Thumb Code    16  ds18b20.o(.text)
    DS18B20_Get_Temp                         0x08001081   Thumb Code   172  ds18b20.o(.text)
    TimeConv_Nomal2Stamp                     0x08001139   Thumb Code    48  rtc.o(.text)
    Time_SetTimeStamp                        0x080011b9   Thumb Code    34  rtc.o(.text)
    Time_SetTime                             0x080011db   Thumb Code    38  rtc.o(.text)
    RTC_Init                                 0x08001233   Thumb Code    62  rtc.o(.text)
    TimeConv_Stamp2Nomal                     0x08001271   Thumb Code    70  rtc.o(.text)
    Time_GetTimeStamp                        0x080012b7   Thumb Code     8  rtc.o(.text)
    Time_GetTime                             0x080012bf   Thumb Code    20  rtc.o(.text)
    RTC_Rst                                  0x080012d3   Thumb Code    24  rtc.o(.text)
    Send_UART                                0x080012ed   Thumb Code    16  sd_card.o(.text)
    Send_UART_byte                           0x080012fd   Thumb Code    12  sd_card.o(.text)
    Delay                                    0x08001309   Thumb Code    32  sd_card.o(.text)
    SD_init                                  0x08001329   Thumb Code   122  sd_card.o(.text)
    SD_send_cmd_header                       0x080013a3   Thumb Code    12  sd_card.o(.text)
    SD_send_cmd                              0x080013af   Thumb Code   174  sd_card.o(.text)
    SD_send_data                             0x0800145d   Thumb Code   290  sd_card.o(.text)
    SD_read_system                           0x0800157f   Thumb Code    24  sd_card.o(.text)
    SD_save_file                             0x08001597   Thumb Code    24  sd_card.o(.text)
    SD_close_file                            0x080015af   Thumb Code    24  sd_card.o(.text)
    IS_SD_OK                                 0x080015ed   Thumb Code    54  files_sd.o(.text)
    write_string_to_files                    0x08001623   Thumb Code   560  files_sd.o(.text)
    delay_init                               0x0800187d   Thumb Code    42  delay.o(.text)
    delay_us                                 0x080018a7   Thumb Code    76  delay.o(.text)
    delay_ms                                 0x080018f3   Thumb Code    76  delay.o(.text)
    NVIC_Configuration                       0x08001951   Thumb Code    12  sys.o(.text)
    _sys_exit                                0x0800195d   Thumb Code     6  usart.o(.text)
    fputc                                    0x08001963   Thumb Code    32  usart.o(.text)
    uart1_init                               0x08001983   Thumb Code   176  usart.o(.text)
    uart2_init                               0x08001a33   Thumb Code   184  usart.o(.text)
    uart3_init                               0x08001aeb   Thumb Code   256  usart.o(.text)
    uart3_init2                              0x08001beb   Thumb Code   202  usart.o(.text)
    uart4_init                               0x08001cb5   Thumb Code   220  usart.o(.text)
    uart5_init                               0x08001d91   Thumb Code   180  usart.o(.text)
    send_byte_to_usart1                      0x08001e45   Thumb Code    30  usart.o(.text)
    send_byte_to_usart2                      0x08001e63   Thumb Code    30  usart.o(.text)
    send_byte_to_usart3                      0x08001e81   Thumb Code    30  usart.o(.text)
    send_byte_to_usart4                      0x08001e9f   Thumb Code    30  usart.o(.text)
    send_byte_to_usart5                      0x08001ebd   Thumb Code    30  usart.o(.text)
    send_string_to_usart1                    0x08001edb   Thumb Code    26  usart.o(.text)
    send_string_to_usart2                    0x08001ef5   Thumb Code    26  usart.o(.text)
    send_string_to_usart3                    0x08001f0f   Thumb Code    26  usart.o(.text)
    send_string_to_usart4                    0x08001f29   Thumb Code    26  usart.o(.text)
    send_string_to_usart5                    0x08001f43   Thumb Code    26  usart.o(.text)
    send_buf_to_usart1                       0x08001f5d   Thumb Code    42  usart.o(.text)
    send_buf_to_usart2                       0x08001f87   Thumb Code    42  usart.o(.text)
    send_buf_to_usart3                       0x08001fb1   Thumb Code    42  usart.o(.text)
    send_buf_to_usart4                       0x08001fdb   Thumb Code    42  usart.o(.text)
    send_buf_to_usart5                       0x08002005   Thumb Code    42  usart.o(.text)
    USART1_IRQHandler                        0x0800202f   Thumb Code   504  usart.o(.text)
    USART2_IRQHandler                        0x08002227   Thumb Code   184  usart.o(.text)
    USART3_IRQHandler                        0x080022df   Thumb Code    44  usart.o(.text)
    UART4_IRQHandler                         0x0800230b   Thumb Code   326  usart.o(.text)
    UART5_IRQHandler                         0x08002451   Thumb Code   274  usart.o(.text)
    getCRC16_HighFirst                       0x0800259d   Thumb Code    60  crc16.o(.text)
    getCRC16_LowFirst                        0x080025d9   Thumb Code    60  crc16.o(.text)
    Flash_Write_Without_check                0x0800261d   Thumb Code    72  dataflash.o(.text)
    Flash_Read                               0x08002665   Thumb Code    34  dataflash.o(.text)
    Flash_Write                              0x08002687   Thumb Code   264  dataflash.o(.text)
    Volt2Distance                            0x08002791   Thumb Code   540  calib.o(.text)
    wr_IndCalib_to_flash                     0x080029ad   Thumb Code     2  calib.o(.text)
    rd_IndCalib_from_flash                   0x080029af   Thumb Code     2  calib.o(.text)
    Reset_Handler                            0x080029b9   Thumb Code     8  startup_stm32f10x_hd.o(.text)
    ADC1_2_IRQHandler                        0x080029d3   Thumb Code     0  startup_stm32f10x_hd.o(.text)
    ADC3_IRQHandler                          0x080029d3   Thumb Code     0  startup_stm32f10x_hd.o(.text)
    CAN1_RX1_IRQHandler                      0x080029d3   Thumb Code     0  startup_stm32f10x_hd.o(.text)
    CAN1_SCE_IRQHandler                      0x080029d3   Thumb Code     0  startup_stm32f10x_hd.o(.text)
    DMA1_Channel1_IRQHandler                 0x080029d3   Thumb Code     0  startup_stm32f10x_hd.o(.text)
    DMA1_Channel2_IRQHandler                 0x080029d3   Thumb Code     0  startup_stm32f10x_hd.o(.text)
    DMA1_Channel3_IRQHandler                 0x080029d3   Thumb Code     0  startup_stm32f10x_hd.o(.text)
    DMA1_Channel4_IRQHandler                 0x080029d3   Thumb Code     0  startup_stm32f10x_hd.o(.text)
    DMA1_Channel5_IRQHandler                 0x080029d3   Thumb Code     0  startup_stm32f10x_hd.o(.text)
    DMA1_Channel6_IRQHandler                 0x080029d3   Thumb Code     0  startup_stm32f10x_hd.o(.text)
    DMA1_Channel7_IRQHandler                 0x080029d3   Thumb Code     0  startup_stm32f10x_hd.o(.text)
    DMA2_Channel1_IRQHandler                 0x080029d3   Thumb Code     0  startup_stm32f10x_hd.o(.text)
    DMA2_Channel2_IRQHandler                 0x080029d3   Thumb Code     0  startup_stm32f10x_hd.o(.text)
    DMA2_Channel3_IRQHandler                 0x080029d3   Thumb Code     0  startup_stm32f10x_hd.o(.text)
    DMA2_Channel4_5_IRQHandler               0x080029d3   Thumb Code     0  startup_stm32f10x_hd.o(.text)
    EXTI0_IRQHandler                         0x080029d3   Thumb Code     0  startup_stm32f10x_hd.o(.text)
    EXTI15_10_IRQHandler                     0x080029d3   Thumb Code     0  startup_stm32f10x_hd.o(.text)
    EXTI1_IRQHandler                         0x080029d3   Thumb Code     0  startup_stm32f10x_hd.o(.text)
    EXTI2_IRQHandler                         0x080029d3   Thumb Code     0  startup_stm32f10x_hd.o(.text)
    EXTI3_IRQHandler                         0x080029d3   Thumb Code     0  startup_stm32f10x_hd.o(.text)
    EXTI4_IRQHandler                         0x080029d3   Thumb Code     0  startup_stm32f10x_hd.o(.text)
    EXTI9_5_IRQHandler                       0x080029d3   Thumb Code     0  startup_stm32f10x_hd.o(.text)
    FLASH_IRQHandler                         0x080029d3   Thumb Code     0  startup_stm32f10x_hd.o(.text)
    FSMC_IRQHandler                          0x080029d3   Thumb Code     0  startup_stm32f10x_hd.o(.text)
    I2C1_ER_IRQHandler                       0x080029d3   Thumb Code     0  startup_stm32f10x_hd.o(.text)
    I2C1_EV_IRQHandler                       0x080029d3   Thumb Code     0  startup_stm32f10x_hd.o(.text)
    I2C2_ER_IRQHandler                       0x080029d3   Thumb Code     0  startup_stm32f10x_hd.o(.text)
    I2C2_EV_IRQHandler                       0x080029d3   Thumb Code     0  startup_stm32f10x_hd.o(.text)
    PVD_IRQHandler                           0x080029d3   Thumb Code     0  startup_stm32f10x_hd.o(.text)
    RCC_IRQHandler                           0x080029d3   Thumb Code     0  startup_stm32f10x_hd.o(.text)
    RTCAlarm_IRQHandler                      0x080029d3   Thumb Code     0  startup_stm32f10x_hd.o(.text)
    RTC_IRQHandler                           0x080029d3   Thumb Code     0  startup_stm32f10x_hd.o(.text)
    SDIO_IRQHandler                          0x080029d3   Thumb Code     0  startup_stm32f10x_hd.o(.text)
    SPI1_IRQHandler                          0x080029d3   Thumb Code     0  startup_stm32f10x_hd.o(.text)
    SPI2_IRQHandler                          0x080029d3   Thumb Code     0  startup_stm32f10x_hd.o(.text)
    SPI3_IRQHandler                          0x080029d3   Thumb Code     0  startup_stm32f10x_hd.o(.text)
    TAMPER_IRQHandler                        0x080029d3   Thumb Code     0  startup_stm32f10x_hd.o(.text)
    TIM1_BRK_IRQHandler                      0x080029d3   Thumb Code     0  startup_stm32f10x_hd.o(.text)
    TIM1_CC_IRQHandler                       0x080029d3   Thumb Code     0  startup_stm32f10x_hd.o(.text)
    TIM1_TRG_COM_IRQHandler                  0x080029d3   Thumb Code     0  startup_stm32f10x_hd.o(.text)
    TIM1_UP_IRQHandler                       0x080029d3   Thumb Code     0  startup_stm32f10x_hd.o(.text)
    TIM2_IRQHandler                          0x080029d3   Thumb Code     0  startup_stm32f10x_hd.o(.text)
    TIM3_IRQHandler                          0x080029d3   Thumb Code     0  startup_stm32f10x_hd.o(.text)
    TIM4_IRQHandler                          0x080029d3   Thumb Code     0  startup_stm32f10x_hd.o(.text)
    TIM5_IRQHandler                          0x080029d3   Thumb Code     0  startup_stm32f10x_hd.o(.text)
    TIM6_IRQHandler                          0x080029d3   Thumb Code     0  startup_stm32f10x_hd.o(.text)
    TIM7_IRQHandler                          0x080029d3   Thumb Code     0  startup_stm32f10x_hd.o(.text)
    TIM8_BRK_IRQHandler                      0x080029d3   Thumb Code     0  startup_stm32f10x_hd.o(.text)
    TIM8_CC_IRQHandler                       0x080029d3   Thumb Code     0  startup_stm32f10x_hd.o(.text)
    TIM8_TRG_COM_IRQHandler                  0x080029d3   Thumb Code     0  startup_stm32f10x_hd.o(.text)
    TIM8_UP_IRQHandler                       0x080029d3   Thumb Code     0  startup_stm32f10x_hd.o(.text)
    USBWakeUp_IRQHandler                     0x080029d3   Thumb Code     0  startup_stm32f10x_hd.o(.text)
    USB_HP_CAN1_TX_IRQHandler                0x080029d3   Thumb Code     0  startup_stm32f10x_hd.o(.text)
    USB_LP_CAN1_RX0_IRQHandler               0x080029d3   Thumb Code     0  startup_stm32f10x_hd.o(.text)
    WWDG_IRQHandler                          0x080029d3   Thumb Code     0  startup_stm32f10x_hd.o(.text)
    __user_initial_stackheap                 0x080029d5   Thumb Code     0  startup_stm32f10x_hd.o(.text)
    NVIC_PriorityGroupConfig                 0x080029f9   Thumb Code    12  misc.o(.text)
    NVIC_Init                                0x08002a05   Thumb Code   146  misc.o(.text)
    NVIC_SetVectorTable                      0x08002a97   Thumb Code    16  misc.o(.text)
    NVIC_SystemLPConfig                      0x08002aa7   Thumb Code    38  misc.o(.text)
    SysTick_CLKSourceConfig                  0x08002acd   Thumb Code    40  misc.o(.text)
    GPIO_DeInit                              0x08002b11   Thumb Code   172  stm32f10x_gpio.o(.text)
    GPIO_AFIODeInit                          0x08002bbd   Thumb Code    20  stm32f10x_gpio.o(.text)
    GPIO_Init                                0x08002bd1   Thumb Code   342  stm32f10x_gpio.o(.text)
    GPIO_StructInit                          0x08002d27   Thumb Code    20  stm32f10x_gpio.o(.text)
    GPIO_ReadInputDataBit                    0x08002d3b   Thumb Code    30  stm32f10x_gpio.o(.text)
    GPIO_ReadInputData                       0x08002d59   Thumb Code     8  stm32f10x_gpio.o(.text)
    GPIO_ReadOutputDataBit                   0x08002d61   Thumb Code    30  stm32f10x_gpio.o(.text)
    GPIO_ReadOutputData                      0x08002d7f   Thumb Code     8  stm32f10x_gpio.o(.text)
    GPIO_SetBits                             0x08002d87   Thumb Code     4  stm32f10x_gpio.o(.text)
    GPIO_ResetBits                           0x08002d8b   Thumb Code     4  stm32f10x_gpio.o(.text)
    GPIO_WriteBit                            0x08002d8f   Thumb Code    10  stm32f10x_gpio.o(.text)
    GPIO_Write                               0x08002d99   Thumb Code     4  stm32f10x_gpio.o(.text)
    GPIO_PinLockConfig                       0x08002d9d   Thumb Code    28  stm32f10x_gpio.o(.text)
    GPIO_EventOutputConfig                   0x08002db9   Thumb Code    42  stm32f10x_gpio.o(.text)
    GPIO_EventOutputCmd                      0x08002de3   Thumb Code     6  stm32f10x_gpio.o(.text)
    GPIO_PinRemapConfig                      0x08002de9   Thumb Code   180  stm32f10x_gpio.o(.text)
    GPIO_EXTILineConfig                      0x08002e9d   Thumb Code   128  stm32f10x_gpio.o(.text)
    GPIO_ETH_MediaInterfaceConfig            0x08002f1d   Thumb Code     6  stm32f10x_gpio.o(.text)
    RCC_DeInit                               0x08002f29   Thumb Code    68  stm32f10x_rcc.o(.text)
    RCC_HSEConfig                            0x08002f6d   Thumb Code    70  stm32f10x_rcc.o(.text)
    RCC_GetFlagStatus                        0x08002fb3   Thumb Code    84  stm32f10x_rcc.o(.text)
    RCC_WaitForHSEStartUp                    0x08003007   Thumb Code    64  stm32f10x_rcc.o(.text)
    RCC_AdjustHSICalibrationValue            0x08003047   Thumb Code    32  stm32f10x_rcc.o(.text)
    RCC_HSICmd                               0x08003067   Thumb Code     6  stm32f10x_rcc.o(.text)
    RCC_PLLConfig                            0x0800306d   Thumb Code    36  stm32f10x_rcc.o(.text)
    RCC_PLLCmd                               0x08003091   Thumb Code     6  stm32f10x_rcc.o(.text)
    RCC_SYSCLKConfig                         0x08003097   Thumb Code    32  stm32f10x_rcc.o(.text)
    RCC_GetSYSCLKSource                      0x080030b7   Thumb Code    10  stm32f10x_rcc.o(.text)
    RCC_HCLKConfig                           0x080030c1   Thumb Code    32  stm32f10x_rcc.o(.text)
    RCC_PCLK1Config                          0x080030e1   Thumb Code    32  stm32f10x_rcc.o(.text)
    RCC_PCLK2Config                          0x08003101   Thumb Code    32  stm32f10x_rcc.o(.text)
    RCC_ITConfig                             0x08003121   Thumb Code    36  stm32f10x_rcc.o(.text)
    RCC_USBCLKConfig                         0x08003145   Thumb Code     6  stm32f10x_rcc.o(.text)
    RCC_ADCCLKConfig                         0x0800314b   Thumb Code    32  stm32f10x_rcc.o(.text)
    RCC_LSEConfig                            0x0800316b   Thumb Code    50  stm32f10x_rcc.o(.text)
    RCC_LSICmd                               0x0800319d   Thumb Code     6  stm32f10x_rcc.o(.text)
    RCC_RTCCLKConfig                         0x080031a3   Thumb Code    14  stm32f10x_rcc.o(.text)
    RCC_RTCCLKCmd                            0x080031b1   Thumb Code     6  stm32f10x_rcc.o(.text)
    RCC_GetClocksFreq                        0x080031b7   Thumb Code   250  stm32f10x_rcc.o(.text)
    RCC_AHBPeriphClockCmd                    0x080032b1   Thumb Code    30  stm32f10x_rcc.o(.text)
    RCC_APB2PeriphClockCmd                   0x080032cf   Thumb Code    30  stm32f10x_rcc.o(.text)
    RCC_APB1PeriphClockCmd                   0x080032ed   Thumb Code    80  stm32f10x_rcc.o(.text)
    RCC_APB2PeriphResetCmd                   0x0800333d   Thumb Code    30  stm32f10x_rcc.o(.text)
    RCC_APB1PeriphResetCmd                   0x0800335b   Thumb Code    30  stm32f10x_rcc.o(.text)
    RCC_BackupResetCmd                       0x08003379   Thumb Code     6  stm32f10x_rcc.o(.text)
    RCC_ClockSecuritySystemCmd               0x0800337f   Thumb Code     6  stm32f10x_rcc.o(.text)
    RCC_MCOConfig                            0x08003385   Thumb Code     6  stm32f10x_rcc.o(.text)
    RCC_ClearFlag                            0x0800338b   Thumb Code    14  stm32f10x_rcc.o(.text)
    RCC_GetITStatus                          0x08003399   Thumb Code    32  stm32f10x_rcc.o(.text)
    RCC_ClearITPendingBit                    0x080033b9   Thumb Code     6  stm32f10x_rcc.o(.text)
    USART_DeInit                             0x080033cd   Thumb Code   134  stm32f10x_usart.o(.text)
    USART_Init                               0x08003453   Thumb Code   278  stm32f10x_usart.o(.text)
    USART_StructInit                         0x08003569   Thumb Code    30  stm32f10x_usart.o(.text)
    USART_ClockInit                          0x08003587   Thumb Code    54  stm32f10x_usart.o(.text)
    USART_ClockStructInit                    0x080035bd   Thumb Code    14  stm32f10x_usart.o(.text)
    USART_Cmd                                0x080035cb   Thumb Code    26  stm32f10x_usart.o(.text)
    USART_ITConfig                           0x080035e5   Thumb Code   102  stm32f10x_usart.o(.text)
    USART_DMACmd                             0x0800364b   Thumb Code    30  stm32f10x_usart.o(.text)
    USART_SetAddress                         0x08003669   Thumb Code    22  stm32f10x_usart.o(.text)
    USART_WakeUpConfig                       0x0800367f   Thumb Code    22  stm32f10x_usart.o(.text)
    USART_ReceiverWakeUpCmd                  0x08003695   Thumb Code    26  stm32f10x_usart.o(.text)
    USART_LINBreakDetectLengthConfig         0x080036af   Thumb Code    22  stm32f10x_usart.o(.text)
    USART_LINCmd                             0x080036c5   Thumb Code    26  stm32f10x_usart.o(.text)
    USART_SendData                           0x080036df   Thumb Code     8  stm32f10x_usart.o(.text)
    USART_ReceiveData                        0x080036e7   Thumb Code    10  stm32f10x_usart.o(.text)
    USART_SendBreak                          0x080036f1   Thumb Code    10  stm32f10x_usart.o(.text)
    USART_SetGuardTime                       0x080036fb   Thumb Code    16  stm32f10x_usart.o(.text)
    USART_SetPrescaler                       0x0800370b   Thumb Code    18  stm32f10x_usart.o(.text)
    USART_SmartCardCmd                       0x0800371d   Thumb Code    26  stm32f10x_usart.o(.text)
    USART_SmartCardNACKCmd                   0x08003737   Thumb Code    26  stm32f10x_usart.o(.text)
    USART_HalfDuplexCmd                      0x08003751   Thumb Code    26  stm32f10x_usart.o(.text)
    USART_OverSampling8Cmd                   0x0800376b   Thumb Code    22  stm32f10x_usart.o(.text)
    USART_OneBitMethodCmd                    0x08003781   Thumb Code    26  stm32f10x_usart.o(.text)
    USART_IrDAConfig                         0x0800379b   Thumb Code    42  stm32f10x_usart.o(.text)
    USART_IrDACmd                            0x080037c5   Thumb Code    26  stm32f10x_usart.o(.text)
    USART_GetFlagStatus                      0x080037df   Thumb Code    38  stm32f10x_usart.o(.text)
    USART_ClearFlag                          0x08003805   Thumb Code    20  stm32f10x_usart.o(.text)
    USART_GetITStatus                        0x08003819   Thumb Code   128  stm32f10x_usart.o(.text)
    USART_ClearITPendingBit                  0x08003899   Thumb Code    46  stm32f10x_usart.o(.text)
    BKP_DeInit                               0x080038c9   Thumb Code    16  stm32f10x_bkp.o(.text)
    BKP_TamperPinLevelConfig                 0x080038d9   Thumb Code     6  stm32f10x_bkp.o(.text)
    BKP_TamperPinCmd                         0x080038df   Thumb Code     6  stm32f10x_bkp.o(.text)
    BKP_ITConfig                             0x080038e5   Thumb Code     6  stm32f10x_bkp.o(.text)
    BKP_RTCOutputConfig                      0x080038eb   Thumb Code    38  stm32f10x_bkp.o(.text)
    BKP_SetRTCCalibrationValue               0x08003911   Thumb Code    38  stm32f10x_bkp.o(.text)
    BKP_WriteBackupRegister                  0x08003937   Thumb Code    20  stm32f10x_bkp.o(.text)
    BKP_ReadBackupRegister                   0x0800394b   Thumb Code    22  stm32f10x_bkp.o(.text)
    BKP_GetFlagStatus                        0x08003961   Thumb Code     8  stm32f10x_bkp.o(.text)
    BKP_ClearFlag                            0x08003969   Thumb Code    16  stm32f10x_bkp.o(.text)
    BKP_GetITStatus                          0x08003979   Thumb Code     8  stm32f10x_bkp.o(.text)
    BKP_ClearITPendingBit                    0x08003981   Thumb Code    16  stm32f10x_bkp.o(.text)
    RTC_ITConfig                             0x080039b5   Thumb Code    40  stm32f10x_rtc.o(.text)
    RTC_EnterConfigMode                      0x080039dd   Thumb Code    16  stm32f10x_rtc.o(.text)
    RTC_ExitConfigMode                       0x080039ed   Thumb Code    20  stm32f10x_rtc.o(.text)
    RTC_GetCounter                           0x08003a01   Thumb Code    24  stm32f10x_rtc.o(.text)
    RTC_SetCounter                           0x08003a19   Thumb Code    28  stm32f10x_rtc.o(.text)
    RTC_SetPrescaler                         0x08003a35   Thumb Code    28  stm32f10x_rtc.o(.text)
    RTC_SetAlarm                             0x08003a51   Thumb Code    28  stm32f10x_rtc.o(.text)
    RTC_GetDivider                           0x08003a6d   Thumb Code    34  stm32f10x_rtc.o(.text)
    RTC_WaitForLastTask                      0x08003a8f   Thumb Code    14  stm32f10x_rtc.o(.text)
    RTC_WaitForSynchro                       0x08003a9d   Thumb Code    32  stm32f10x_rtc.o(.text)
    RTC_GetFlagStatus                        0x08003abd   Thumb Code    32  stm32f10x_rtc.o(.text)
    RTC_ClearFlag                            0x08003add   Thumb Code    22  stm32f10x_rtc.o(.text)
    RTC_GetITStatus                          0x08003af3   Thumb Code    48  stm32f10x_rtc.o(.text)
    RTC_ClearITPendingBit                    0x08003b23   Thumb Code    22  stm32f10x_rtc.o(.text)
    PWR_DeInit                               0x08003b59   Thumb Code    22  stm32f10x_pwr.o(.text)
    PWR_BackupAccessCmd                      0x08003b6f   Thumb Code     6  stm32f10x_pwr.o(.text)
    PWR_PVDCmd                               0x08003b75   Thumb Code     6  stm32f10x_pwr.o(.text)
    PWR_PVDLevelConfig                       0x08003b7b   Thumb Code    32  stm32f10x_pwr.o(.text)
    PWR_WakeUpPinCmd                         0x08003b9b   Thumb Code     6  stm32f10x_pwr.o(.text)
    PWR_EnterSTOPMode                        0x08003ba1   Thumb Code    76  stm32f10x_pwr.o(.text)
    PWR_EnterSTANDBYMode                     0x08003bed   Thumb Code    46  stm32f10x_pwr.o(.text)
    PWR_GetFlagStatus                        0x08003c1b   Thumb Code    32  stm32f10x_pwr.o(.text)
    PWR_ClearFlag                            0x08003c3b   Thumb Code    14  stm32f10x_pwr.o(.text)
    FLASH_SetLatency                         0x08003c59   Thumb Code    32  stm32f10x_flash.o(.text)
    FLASH_HalfCycleAccessCmd                 0x08003c79   Thumb Code    24  stm32f10x_flash.o(.text)
    FLASH_PrefetchBufferCmd                  0x08003c91   Thumb Code    24  stm32f10x_flash.o(.text)
    FLASH_Unlock                             0x08003ca9   Thumb Code    12  stm32f10x_flash.o(.text)
    FLASH_UnlockBank1                        0x08003cb5   Thumb Code    12  stm32f10x_flash.o(.text)
    FLASH_Lock                               0x08003cc1   Thumb Code    14  stm32f10x_flash.o(.text)
    FLASH_LockBank1                          0x08003ccf   Thumb Code    14  stm32f10x_flash.o(.text)
    FLASH_GetBank1Status                     0x08003cdd   Thumb Code    66  stm32f10x_flash.o(.text)
    FLASH_WaitForLastOperation               0x08003d1f   Thumb Code    50  stm32f10x_flash.o(.text)
    FLASH_ErasePage                          0x08003d51   Thumb Code    78  stm32f10x_flash.o(.text)
    FLASH_EraseAllPages                      0x08003d9f   Thumb Code    74  stm32f10x_flash.o(.text)
    FLASH_WaitForLastBank1Operation          0x08003de9   Thumb Code    50  stm32f10x_flash.o(.text)
    FLASH_EraseAllBank1Pages                 0x08003e1b   Thumb Code    74  stm32f10x_flash.o(.text)
    FLASH_GetReadOutProtectionStatus         0x08003e65   Thumb Code    32  stm32f10x_flash.o(.text)
    FLASH_EraseOptionBytes                   0x08003e85   Thumb Code   170  stm32f10x_flash.o(.text)
    FLASH_ProgramWord                        0x08003f2f   Thumb Code   120  stm32f10x_flash.o(.text)
    FLASH_ProgramHalfWord                    0x08003fa7   Thumb Code    70  stm32f10x_flash.o(.text)
    FLASH_ProgramOptionByteData              0x08003fed   Thumb Code    82  stm32f10x_flash.o(.text)
    FLASH_EnableWriteProtection              0x0800403f   Thumb Code   222  stm32f10x_flash.o(.text)
    FLASH_ReadOutProtection                  0x0800411d   Thumb Code   170  stm32f10x_flash.o(.text)
    FLASH_UserOptionByteConfig               0x080041c7   Thumb Code   100  stm32f10x_flash.o(.text)
    FLASH_GetUserOptionByte                  0x0800422b   Thumb Code     8  stm32f10x_flash.o(.text)
    FLASH_GetWriteProtectionOptionByte       0x08004233   Thumb Code     6  stm32f10x_flash.o(.text)
    FLASH_GetPrefetchBufferStatus            0x08004239   Thumb Code    32  stm32f10x_flash.o(.text)
    FLASH_ITConfig                           0x08004259   Thumb Code    30  stm32f10x_flash.o(.text)
    FLASH_GetFlagStatus                      0x08004277   Thumb Code    60  stm32f10x_flash.o(.text)
    FLASH_ClearFlag                          0x080042b3   Thumb Code     6  stm32f10x_flash.o(.text)
    FLASH_GetStatus                          0x080042b9   Thumb Code    66  stm32f10x_flash.o(.text)
    __use_no_semihosting                     0x0800431d   Thumb Code     2  use_no_semi_2.o(.text)
    __2printf                                0x08004321   Thumb Code    20  noretval__2printf.o(.text)
    __2sprintf                               0x08004339   Thumb Code    34  noretval__2sprintf.o(.text)
    _printf_pre_padding                      0x08004361   Thumb Code    44  _printf_pad.o(.text)
    _printf_post_padding                     0x0800438d   Thumb Code    36  _printf_pad.o(.text)
    _printf_str                              0x080043b1   Thumb Code    82  _printf_str.o(.text)
    _printf_int_dec                          0x08004405   Thumb Code   102  _printf_dec.o(.text)
    _printf_int_hex                          0x0800447d   Thumb Code    88  _printf_hex_int.o(.text)
    _printf_longlong_hex                     0x0800447d   Thumb Code     0  _printf_hex_int.o(.text)
    __printf                                 0x080044d9   Thumb Code   318  __printf_flags_wp.o(.text)
    atoi                                     0x0800461d   Thumb Code    26  atoi.o(.text)
    strtok                                   0x08004639   Thumb Code     6  strtok.o(.text)
    strlen                                   0x08004645   Thumb Code    62  strlen.o(.text)
    __aeabi_memcpy4                          0x08004683   Thumb Code     0  rt_memcpy_w.o(.text)
    __aeabi_memcpy8                          0x08004683   Thumb Code     0  rt_memcpy_w.o(.text)
    __rt_memcpy_w                            0x08004683   Thumb Code   100  rt_memcpy_w.o(.text)
    _memcpy_lastbytes_aligned                0x080046cb   Thumb Code     0  rt_memcpy_w.o(.text)
    __aeabi_memclr                           0x080046e7   Thumb Code     0  rt_memclr.o(.text)
    __rt_memclr                              0x080046e7   Thumb Code    68  rt_memclr.o(.text)
    _memset                                  0x080046eb   Thumb Code     0  rt_memclr.o(.text)
    __aeabi_memclr4                          0x0800472b   Thumb Code     0  rt_memclr_w.o(.text)
    __aeabi_memclr8                          0x0800472b   Thumb Code     0  rt_memclr_w.o(.text)
    __rt_memclr_w                            0x0800472b   Thumb Code    78  rt_memclr_w.o(.text)
    _memset_w                                0x0800472f   Thumb Code     0  rt_memclr_w.o(.text)
    localtime                                0x08004779   Thumb Code     6  localtime.o(.text)
    mktime                                   0x080047bb   Thumb Code   354  mktime.o(.text)
    __use_two_region_memory                  0x08004925   Thumb Code     2  heapauxi.o(.text)
    __rt_heap_escrow$2region                 0x08004927   Thumb Code     2  heapauxi.o(.text)
    __rt_heap_expand$2region                 0x08004929   Thumb Code     2  heapauxi.o(.text)
    __I$use$semihosting                      0x0800492b   Thumb Code     0  use_no_semi.o(.text)
    __use_no_semihosting_swi                 0x0800492b   Thumb Code     2  use_no_semi.o(.text)
    __aeabi_errno_addr                       0x0800492d   Thumb Code     8  rt_errno_addr_intlibspace.o(.text)
    __errno$intlibspace                      0x0800492d   Thumb Code     0  rt_errno_addr_intlibspace.o(.text)
    __rt_errno_addr$intlibspace              0x0800492d   Thumb Code     0  rt_errno_addr_intlibspace.o(.text)
    _printf_int_common                       0x08004935   Thumb Code   182  _printf_intcommon.o(.text)
    __lib_sel_fp_printf                      0x080049eb   Thumb Code     2  _printf_fp_dec.o(.text)
    _printf_fp_dec_real                      0x08004b8f   Thumb Code   646  _printf_fp_dec.o(.text)
    _printf_char_common                      0x08004e1f   Thumb Code    32  _printf_char_common.o(.text)
    _sputc                                   0x08004e45   Thumb Code    10  _sputc.o(.text)
    _printf_cs_common                        0x08004e4f   Thumb Code    20  _printf_char.o(.text)
    _printf_char                             0x08004e63   Thumb Code    16  _printf_char.o(.text)
    _printf_string                           0x08004e73   Thumb Code     8  _printf_char.o(.text)
    _printf_char_file                        0x08004e7d   Thumb Code    32  _printf_char_file.o(.text)
    strtol                                   0x08004ea1   Thumb Code   112  strtol.o(.text)
    __strtok_internal                        0x08004f11   Thumb Code    66  strtok_int.o(.text)
    _localtime_r                             0x08004f59   Thumb Code   158  localtime_internal.o(.text)
    _n$localtime_r                           0x08004f59   Thumb Code     0  localtime_internal.o(.text)
    __user_libspace                          0x08004ffd   Thumb Code     8  libspace.o(.text)
    __user_perproc_libspace                  0x08004ffd   Thumb Code     0  libspace.o(.text)
    __user_perthread_libspace                0x08004ffd   Thumb Code     0  libspace.o(.text)
    __rt_ctype_table                         0x08005005   Thumb Code    16  rt_ctype_table.o(.text)
    __rt_locale                              0x08005015   Thumb Code     8  rt_locale_intlibspace.o(.text)
    _ll_udiv10                               0x0800501d   Thumb Code   138  lludiv10.o(.text)
    _printf_fp_infnan                        0x080050a9   Thumb Code   108  _printf_fp_infnan.o(.text)
    _strtoul                                 0x08005125   Thumb Code   158  _strtoul.o(.text)
    _btod_etento                             0x080051c5   Thumb Code   222  bigflt0.o(.text)
    ferror                                   0x080052a9   Thumb Code     8  ferror.o(.text)
    strcspn                                  0x080052b1   Thumb Code    32  strcspn.o(.text)
    strspn                                   0x080052d1   Thumb Code    28  strspn.o(.text)
    __user_setup_stackheap                   0x080052ed   Thumb Code    74  sys_stackheap_outer.o(.text)
    _chval                                   0x08005337   Thumb Code    32  _chval.o(.text)
    exit                                     0x08005357   Thumb Code    12  exit.o(.text)
    strcmp                                   0x08005365   Thumb Code   128  strcmpv7m.o(.text)
    __rt_fp_status_addr                      0x080053e5   Thumb Code     8  rt_fp_status_addr_intlibspace.o(.text)
    _btod_d2e                                0x080053ed   Thumb Code    62  btod.o(CL$$btod_d2e)
    _d2e_denorm_low                          0x0800542b   Thumb Code    70  btod.o(CL$$btod_d2e_denorm_low)
    _d2e_norm_op1                            0x08005471   Thumb Code    96  btod.o(CL$$btod_d2e_norm_op1)
    __btod_div_common                        0x080054d1   Thumb Code   696  btod.o(CL$$btod_div_common)
    _e2e                                     0x08005809   Thumb Code   198  btod.o(CL$$btod_e2e)
    _btod_ediv                               0x080058cf   Thumb Code    40  btod.o(CL$$btod_ediv)
    _btod_emul                               0x080058f7   Thumb Code    40  btod.o(CL$$btod_emul)
    __btod_mult_common                       0x0800591f   Thumb Code   580  btod.o(CL$$btod_mult_common)
    __ARM_fpclassify                         0x08005b63   Thumb Code    40  fpclassify.o(i.__ARM_fpclassify)
    _is_digit                                0x08005b8b   Thumb Code    14  __printf_wp.o(i._is_digit)
    _get_lc_numeric                          0x08005b99   Thumb Code    44  lc_numeric_c.o(locale$$code)
    _get_lc_ctype                            0x08005bc5   Thumb Code    44  lc_ctype_c.o(locale$$code)
    __aeabi_d2f                              0x08005bf1   Thumb Code     0  d2f.o(x$fpl$d2f)
    _d2f                                     0x08005bf1   Thumb Code    98  d2f.o(x$fpl$d2f)
    __aeabi_i2d                              0x08005c53   Thumb Code     0  dflt_clz.o(x$fpl$dflt)
    _dflt                                    0x08005c53   Thumb Code    46  dflt_clz.o(x$fpl$dflt)
    __aeabi_dmul                             0x08005c81   Thumb Code     0  dmul.o(x$fpl$dmul)
    _dmul                                    0x08005c81   Thumb Code   332  dmul.o(x$fpl$dmul)
    __fpl_dnaninf                            0x08005dd5   Thumb Code   156  dnaninf.o(x$fpl$dnaninf)
    __fpl_dretinf                            0x08005e71   Thumb Code    12  dretinf.o(x$fpl$dretinf)
    __aeabi_f2d                              0x08005e7d   Thumb Code     0  f2d.o(x$fpl$f2d)
    _f2d                                     0x08005e7d   Thumb Code    86  f2d.o(x$fpl$f2d)
    __aeabi_fdiv                             0x08005ed5   Thumb Code     0  fdiv.o(x$fpl$fdiv)
    _fdiv                                    0x08005ed5   Thumb Code   384  fdiv.o(x$fpl$fdiv)
    __aeabi_f2iz                             0x08006059   Thumb Code     0  ffix.o(x$fpl$ffix)
    _ffix                                    0x08006059   Thumb Code    54  ffix.o(x$fpl$ffix)
    __aeabi_i2f                              0x08006091   Thumb Code     0  fflt_clz.o(x$fpl$fflt)
    _fflt                                    0x08006091   Thumb Code    48  fflt_clz.o(x$fpl$fflt)
    __aeabi_fmul                             0x080060c1   Thumb Code     0  fmul.o(x$fpl$fmul)
    _fmul                                    0x080060c1   Thumb Code   258  fmul.o(x$fpl$fmul)
    __fpl_fnaninf                            0x080061c3   Thumb Code   140  fnaninf.o(x$fpl$fnaninf)
    _fp_init                                 0x0800624f   Thumb Code    14  fpinit.o(x$fpl$fpinit)
    __fplib_config_pureend_doubles           0x0800625b   Thumb Code     0  fpinit.o(x$fpl$fpinit)
    __fpl_fretinf                            0x0800625d   Thumb Code    10  fretinf.o(x$fpl$fretinf)
    _printf_fp_dec                           0x08006267   Thumb Code     4  printf1.o(x$fpl$printf1)
    __I$use$fp                               0x0800626b   Thumb Code     0  usenofp.o(x$fpl$usenofp)
    chCRCHTalbe                              0x0800632c   Data         256  crc16.o(.constdata)
    chCRCLTalbe                              0x0800642c   Data         256  crc16.o(.constdata)
    _monlen                                  0x08006565   Data          12  _monlen.o(.constdata)
    Region$$Table$$Base                      0x08006608   Number         0  anon$$obj.o(Region$$Table)
    Region$$Table$$Limit                     0x08006628   Number         0  anon$$obj.o(Region$$Table)
    __ctype                                  0x08006651   Data           0  lc_ctype_c.o(locale$$data)
    windSpeedDirFlag                         0x20000000   Data           1  main.o(.data)
    g_uart3_used_for_SD                      0x20000001   Data           1  main.o(.data)
    SpeedTest                                0x20000004   Data           4  main.o(.data)
    SpeedTest2                               0x20000008   Data           4  main.o(.data)
    g_IndVal                                 0x2000000c   Data           8  main.o(.data)
    g_Pa                                     0x20000014   Data           4  main.o(.data)
    g_IndValOffset                           0x20000018   Data           8  main.o(.data)
    g_PaOffset                               0x20000020   Data           4  main.o(.data)
    g_WindSpeed                              0x20000024   Data           2  main.o(.data)
    g_WindDir                                0x20000026   Data           2  main.o(.data)
    g_Temper                                 0x20000028   Data           4  main.o(.data)
    g_weightCalib                            0x2000002c   Data           4  main.o(.data)
    Temp                                     0x20000030   Data           2  main.o(.data)
    lastSDerr                                0x20000032   Data           1  main.o(.data)
    SystemCoreClock                          0x20000034   Data           4  system_stm32f10x.o(.data)
    AHBPrescTable                            0x20000038   Data          16  system_stm32f10x.o(.data)
    FileName                                 0x20000049   Data          13  sd_card.o(.data)
    DATE_SEND                                0x2000006a   Data          20  sd_card.o(.data)
    F_wait_response                          0x2000007e   Data           1  files_sd.o(.data)
    SD_cmd_return_byte                       0x2000007f   Data           1  files_sd.o(.data)
    USART_RX_STA                             0x20000084   Data           2  usart.o(.data)
    __stdout                                 0x20000088   Data           4  usart.o(.data)
    flagstart                                0x2000008c   Data           1  usart.o(.data)
    rxCnt                                    0x2000008d   Data           1  usart.o(.data)
    IndId                                    0x2000008e   Data           1  usart.o(.data)
    CalibCnt                                 0x2000008f   Data           1  usart.o(.data)
    PC_cmd                                   0x20000090   Data           1  usart.o(.data)
    PC_Wcmd                                  0x20000091   Data           1  usart.o(.data)
    load                                     0x20000092   Data           2  usart.o(.data)
    CmdStr                                   0x200000ac   Data         200  main.o(.bss)
    SDStr                                    0x20000174   Data        1000  main.o(.bss)
    dateSendtoPC                             0x2000055c   Data          48  main.o(.bss)
    Temp_data                                0x2000058c   Data          30  sd_card.o(.bss)
    USART_RX_BUF                             0x200005aa   Data         150  usart.o(.bss)
    IndCalib                                 0x20000640   Data         210  calib.o(.bss)
    __libspace_start                         0x20000740   Data          96  libspace.o(.bss)
    __temporary_stack_top$libspace           0x200007a0   Data           0  libspace.o(.bss)



==============================================================================

Memory Map of the image

  Image Entry point : 0x08000131

  Load Region LR_IROM1 (Base: 0x08000000, Size: 0x00006800, Max: 0x00080000, ABSOLUTE)

    Execution Region ER_IROM1 (Base: 0x08000000, Size: 0x00006754, Max: 0x00080000, ABSOLUTE)

    Base Addr    Size         Type   Attr      Idx    E Section Name        Object

    0x08000000   0x00000130   Data   RO          419    RESET               startup_stm32f10x_hd.o
    0x08000130   0x00000008   Code   RO          620  * !!!main             c_w.l(__main.o)
    0x08000138   0x00000034   Code   RO          906    !!!scatter          c_w.l(__scatter.o)
    0x0800016c   0x0000001a   Code   RO          908    !!handler_copy      c_w.l(__scatter_copy.o)
    0x08000186   0x00000002   PAD
    0x08000188   0x0000001c   Code   RO          910    !!handler_zi        c_w.l(__scatter_zi.o)
    0x080001a4   0x00000000   Code   RO          599    .ARM.Collect$$_printf_percent$$00000000  c_w.l(_printf_percent.o)
    0x080001a4   0x00000006   Code   RO          598    .ARM.Collect$$_printf_percent$$00000003  c_w.l(_printf_f.o)
    0x080001aa   0x00000006   Code   RO          597    .ARM.Collect$$_printf_percent$$00000009  c_w.l(_printf_d.o)
    0x080001b0   0x00000006   Code   RO          596    .ARM.Collect$$_printf_percent$$0000000C  c_w.l(_printf_x.o)
    0x080001b6   0x00000006   Code   RO          595    .ARM.Collect$$_printf_percent$$00000014  c_w.l(_printf_s.o)
    0x080001bc   0x00000004   Code   RO          673    .ARM.Collect$$_printf_percent$$00000017  c_w.l(_printf_percent_end.o)
    0x080001c0   0x00000006   Code   RO          783    .ARM.Collect$$libinit$$00000000  c_w.l(libinit.o)
    0x080001c6   0x00000000   Code   RO          786    .ARM.Collect$$libinit$$00000006  c_w.l(libinit2.o)
    0x080001c6   0x00000000   Code   RO          788    .ARM.Collect$$libinit$$00000008  c_w.l(libinit2.o)
    0x080001c6   0x00000000   Code   RO          790    .ARM.Collect$$libinit$$0000000A  c_w.l(libinit2.o)
    0x080001c6   0x00000006   Code   RO          791    .ARM.Collect$$libinit$$0000000B  c_w.l(libinit2.o)
    0x080001cc   0x00000000   Code   RO          793    .ARM.Collect$$libinit$$0000000D  c_w.l(libinit2.o)
    0x080001cc   0x0000000c   Code   RO          794    .ARM.Collect$$libinit$$0000000E  c_w.l(libinit2.o)
    0x080001d8   0x00000000   Code   RO          795    .ARM.Collect$$libinit$$0000000F  c_w.l(libinit2.o)
    0x080001d8   0x00000000   Code   RO          797    .ARM.Collect$$libinit$$00000011  c_w.l(libinit2.o)
    0x080001d8   0x0000000a   Code   RO          798    .ARM.Collect$$libinit$$00000012  c_w.l(libinit2.o)
    0x080001e2   0x00000000   Code   RO          799    .ARM.Collect$$libinit$$00000013  c_w.l(libinit2.o)
    0x080001e2   0x00000000   Code   RO          801    .ARM.Collect$$libinit$$00000015  c_w.l(libinit2.o)
    0x080001e2   0x00000000   Code   RO          803    .ARM.Collect$$libinit$$00000017  c_w.l(libinit2.o)
    0x080001e2   0x00000000   Code   RO          805    .ARM.Collect$$libinit$$00000019  c_w.l(libinit2.o)
    0x080001e2   0x00000000   Code   RO          807    .ARM.Collect$$libinit$$0000001B  c_w.l(libinit2.o)
    0x080001e2   0x00000000   Code   RO          809    .ARM.Collect$$libinit$$0000001D  c_w.l(libinit2.o)
    0x080001e2   0x00000000   Code   RO          811    .ARM.Collect$$libinit$$0000001F  c_w.l(libinit2.o)
    0x080001e2   0x00000000   Code   RO          813    .ARM.Collect$$libinit$$00000021  c_w.l(libinit2.o)
    0x080001e2   0x00000000   Code   RO          817    .ARM.Collect$$libinit$$00000028  c_w.l(libinit2.o)
    0x080001e2   0x00000000   Code   RO          819    .ARM.Collect$$libinit$$0000002A  c_w.l(libinit2.o)
    0x080001e2   0x00000000   Code   RO          821    .ARM.Collect$$libinit$$0000002C  c_w.l(libinit2.o)
    0x080001e2   0x00000000   Code   RO          823    .ARM.Collect$$libinit$$0000002E  c_w.l(libinit2.o)
    0x080001e2   0x00000002   Code   RO          824    .ARM.Collect$$libinit$$0000002F  c_w.l(libinit2.o)
    0x080001e4   0x00000002   Code   RO          858    .ARM.Collect$$libshutdown$$00000000  c_w.l(libshutdown.o)
    0x080001e6   0x00000000   Code   RO          867    .ARM.Collect$$libshutdown$$00000003  c_w.l(libshutdown2.o)
    0x080001e6   0x00000000   Code   RO          870    .ARM.Collect$$libshutdown$$00000006  c_w.l(libshutdown2.o)
    0x080001e6   0x00000000   Code   RO          873    .ARM.Collect$$libshutdown$$00000009  c_w.l(libshutdown2.o)
    0x080001e6   0x00000000   Code   RO          875    .ARM.Collect$$libshutdown$$0000000B  c_w.l(libshutdown2.o)
    0x080001e6   0x00000000   Code   RO          878    .ARM.Collect$$libshutdown$$0000000E  c_w.l(libshutdown2.o)
    0x080001e6   0x00000002   Code   RO          879    .ARM.Collect$$libshutdown$$0000000F  c_w.l(libshutdown2.o)
    0x080001e8   0x00000000   Code   RO          654    .ARM.Collect$$rtentry$$00000000  c_w.l(rtentry.o)
    0x080001e8   0x00000000   Code   RO          694    .ARM.Collect$$rtentry$$00000002  c_w.l(rtentry2.o)
    0x080001e8   0x00000006   Code   RO          709    .ARM.Collect$$rtentry$$00000004  c_w.l(rtentry4.o)
    0x080001ee   0x00000000   Code   RO          696    .ARM.Collect$$rtentry$$00000009  c_w.l(rtentry2.o)
    0x080001ee   0x00000004   Code   RO          697    .ARM.Collect$$rtentry$$0000000A  c_w.l(rtentry2.o)
    0x080001f2   0x00000000   Code   RO          699    .ARM.Collect$$rtentry$$0000000C  c_w.l(rtentry2.o)
    0x080001f2   0x00000008   Code   RO          700    .ARM.Collect$$rtentry$$0000000D  c_w.l(rtentry2.o)
    0x080001fa   0x00000002   Code   RO          825    .ARM.Collect$$rtexit$$00000000  c_w.l(rtexit.o)
    0x080001fc   0x00000000   Code   RO          832    .ARM.Collect$$rtexit$$00000002  c_w.l(rtexit2.o)
    0x080001fc   0x00000004   Code   RO          833    .ARM.Collect$$rtexit$$00000003  c_w.l(rtexit2.o)
    0x08000200   0x00000006   Code   RO          834    .ARM.Collect$$rtexit$$00000004  c_w.l(rtexit2.o)
    0x08000206   0x00000002   PAD
    0x08000208   0x00000800   Code   RO            1    .text               main.o
    0x08000a08   0x0000001a   Code   RO          118    .text               stm32f10x_it.o
    0x08000a22   0x00000002   PAD
    0x08000a24   0x000001f8   Code   RO          150    .text               system_stm32f10x.o
    0x08000c1c   0x0000015c   Code   RO          168    .text               led.o
    0x08000d78   0x0000010c   Code   RO          180    .text               key.o
    0x08000e84   0x000002b4   Code   RO          193    .text               ds18b20.o
    0x08001138   0x000001b2   Code   RO          205    .text               rtc.o
    0x080012ea   0x00000002   PAD
    0x080012ec   0x00000300   Code   RO          242    .text               sd_card.o
    0x080015ec   0x00000290   Code   RO          258    .text               files_sd.o
    0x0800187c   0x000000d4   Code   RO          273    .text               delay.o
    0x08001950   0x0000000c   Code   RO          287    .text               sys.o
    0x0800195c   0x00000c40   Code   RO          299    .text               usart.o
    0x0800259c   0x00000080   Code   RO          329    .text               crc16.o
    0x0800261c   0x00000172   Code   RO          344    .text               dataflash.o
    0x0800278e   0x00000002   PAD
    0x08002790   0x00000228   Code   RO          388    .text               calib.o
    0x080029b8   0x00000040   Code   RO          420    .text               startup_stm32f10x_hd.o
    0x080029f8   0x00000118   Code   RO          424    .text               misc.o
    0x08002b10   0x00000418   Code   RO          436    .text               stm32f10x_gpio.o
    0x08002f28   0x000004a4   Code   RO          448    .text               stm32f10x_rcc.o
    0x080033cc   0x000004fa   Code   RO          462    .text               stm32f10x_usart.o
    0x080038c6   0x00000002   PAD
    0x080038c8   0x000000ec   Code   RO          486    .text               stm32f10x_bkp.o
    0x080039b4   0x000001a4   Code   RO          498    .text               stm32f10x_rtc.o
    0x08003b58   0x00000100   Code   RO          510    .text               stm32f10x_pwr.o
    0x08003c58   0x000006c4   Code   RO          522    .text               stm32f10x_flash.o
    0x0800431c   0x00000002   Code   RO          536    .text               c_w.l(use_no_semi_2.o)
    0x0800431e   0x00000002   PAD
    0x08004320   0x00000018   Code   RO          542    .text               c_w.l(noretval__2printf.o)
    0x08004338   0x00000028   Code   RO          544    .text               c_w.l(noretval__2sprintf.o)
    0x08004360   0x00000050   Code   RO          548    .text               c_w.l(_printf_pad.o)
    0x080043b0   0x00000052   Code   RO          550    .text               c_w.l(_printf_str.o)
    0x08004402   0x00000002   PAD
    0x08004404   0x00000078   Code   RO          552    .text               c_w.l(_printf_dec.o)
    0x0800447c   0x0000005c   Code   RO          557    .text               c_w.l(_printf_hex_int.o)
    0x080044d8   0x00000144   Code   RO          587    .text               c_w.l(__printf_flags_wp.o)
    0x0800461c   0x0000001a   Code   RO          600    .text               c_w.l(atoi.o)
    0x08004636   0x00000002   PAD
    0x08004638   0x0000000c   Code   RO          602    .text               c_w.l(strtok.o)
    0x08004644   0x0000003e   Code   RO          605    .text               c_w.l(strlen.o)
    0x08004682   0x00000064   Code   RO          607    .text               c_w.l(rt_memcpy_w.o)
    0x080046e6   0x00000044   Code   RO          609    .text               c_w.l(rt_memclr.o)
    0x0800472a   0x0000004e   Code   RO          611    .text               c_w.l(rt_memclr_w.o)
    0x08004778   0x0000000c   Code   RO          613    .text               c_w.l(localtime.o)
    0x08004784   0x000001a0   Code   RO          616    .text               c_w.l(mktime.o)
    0x08004924   0x00000006   Code   RO          618    .text               c_w.l(heapauxi.o)
    0x0800492a   0x00000002   Code   RO          652    .text               c_w.l(use_no_semi.o)
    0x0800492c   0x00000008   Code   RO          659    .text               c_w.l(rt_errno_addr_intlibspace.o)
    0x08004934   0x000000b6   Code   RO          661    .text               c_w.l(_printf_intcommon.o)
    0x080049ea   0x0000042a   Code   RO          663    .text               c_w.l(_printf_fp_dec.o)
    0x08004e14   0x00000030   Code   RO          665    .text               c_w.l(_printf_char_common.o)
    0x08004e44   0x0000000a   Code   RO          667    .text               c_w.l(_sputc.o)
    0x08004e4e   0x0000002c   Code   RO          669    .text               c_w.l(_printf_char.o)
    0x08004e7a   0x00000002   PAD
    0x08004e7c   0x00000024   Code   RO          671    .text               c_w.l(_printf_char_file.o)
    0x08004ea0   0x00000070   Code   RO          674    .text               c_w.l(strtol.o)
    0x08004f10   0x00000048   Code   RO          676    .text               c_w.l(strtok_int.o)
    0x08004f58   0x000000a4   Code   RO          679    .text               c_w.l(localtime_internal.o)
    0x08004ffc   0x00000008   Code   RO          690    .text               c_w.l(libspace.o)
    0x08005004   0x00000010   Code   RO          711    .text               c_w.l(rt_ctype_table.o)
    0x08005014   0x00000008   Code   RO          716    .text               c_w.l(rt_locale_intlibspace.o)
    0x0800501c   0x0000008a   Code   RO          718    .text               c_w.l(lludiv10.o)
    0x080050a6   0x00000002   PAD
    0x080050a8   0x0000007c   Code   RO          720    .text               c_w.l(_printf_fp_infnan.o)
    0x08005124   0x0000009e   Code   RO          724    .text               c_w.l(_strtoul.o)
    0x080051c2   0x00000002   PAD
    0x080051c4   0x000000e4   Code   RO          726    .text               c_w.l(bigflt0.o)
    0x080052a8   0x00000008   Code   RO          751    .text               c_w.l(ferror.o)
    0x080052b0   0x00000020   Code   RO          758    .text               c_w.l(strcspn.o)
    0x080052d0   0x0000001c   Code   RO          760    .text               c_w.l(strspn.o)
    0x080052ec   0x0000004a   Code   RO          766    .text               c_w.l(sys_stackheap_outer.o)
    0x08005336   0x00000020   Code   RO          768    .text               c_w.l(_chval.o)
    0x08005356   0x0000000c   Code   RO          773    .text               c_w.l(exit.o)
    0x08005362   0x00000002   PAD
    0x08005364   0x00000080   Code   RO          775    .text               c_w.l(strcmpv7m.o)
    0x080053e4   0x00000008   Code   RO          842    .text               c_w.l(rt_fp_status_addr_intlibspace.o)
    0x080053ec   0x0000003e   Code   RO          729    CL$$btod_d2e        c_w.l(btod.o)
    0x0800542a   0x00000046   Code   RO          731    CL$$btod_d2e_denorm_low  c_w.l(btod.o)
    0x08005470   0x00000060   Code   RO          730    CL$$btod_d2e_norm_op1  c_w.l(btod.o)
    0x080054d0   0x00000338   Code   RO          739    CL$$btod_div_common  c_w.l(btod.o)
    0x08005808   0x000000c6   Code   RO          736    CL$$btod_e2e        c_w.l(btod.o)
    0x080058ce   0x00000028   Code   RO          733    CL$$btod_ediv       c_w.l(btod.o)
    0x080058f6   0x00000028   Code   RO          732    CL$$btod_emul       c_w.l(btod.o)
    0x0800591e   0x00000244   Code   RO          738    CL$$btod_mult_common  c_w.l(btod.o)
    0x08005b62   0x00000028   Code   RO          764    i.__ARM_fpclassify  m_ws.l(fpclassify.o)
    0x08005b8a   0x0000000e   Code   RO          585    i._is_digit         c_w.l(__printf_wp.o)
    0x08005b98   0x0000002c   Code   RO          756    locale$$code        c_w.l(lc_numeric_c.o)
    0x08005bc4   0x0000002c   Code   RO          771    locale$$code        c_w.l(lc_ctype_c.o)
    0x08005bf0   0x00000062   Code   RO          622    x$fpl$d2f           fz_ws.l(d2f.o)
    0x08005c52   0x0000002e   Code   RO          625    x$fpl$dflt          fz_ws.l(dflt_clz.o)
    0x08005c80   0x00000154   Code   RO          630    x$fpl$dmul          fz_ws.l(dmul.o)
    0x08005dd4   0x0000009c   Code   RO          681    x$fpl$dnaninf       fz_ws.l(dnaninf.o)
    0x08005e70   0x0000000c   Code   RO          683    x$fpl$dretinf       fz_ws.l(dretinf.o)
    0x08005e7c   0x00000056   Code   RO          632    x$fpl$f2d           fz_ws.l(f2d.o)
    0x08005ed2   0x00000002   PAD
    0x08005ed4   0x00000184   Code   RO          635    x$fpl$fdiv          fz_ws.l(fdiv.o)
    0x08006058   0x00000036   Code   RO          638    x$fpl$ffix          fz_ws.l(ffix.o)
    0x0800608e   0x00000002   PAD
    0x08006090   0x00000030   Code   RO          643    x$fpl$fflt          fz_ws.l(fflt_clz.o)
    0x080060c0   0x00000102   Code   RO          648    x$fpl$fmul          fz_ws.l(fmul.o)
    0x080061c2   0x0000008c   Code   RO          685    x$fpl$fnaninf       fz_ws.l(fnaninf.o)
    0x0800624e   0x0000000e   Code   RO          829    x$fpl$fpinit        fz_ws.l(fpinit.o)
    0x0800625c   0x0000000a   Code   RO          687    x$fpl$fretinf       fz_ws.l(fretinf.o)
    0x08006266   0x00000004   Code   RO          650    x$fpl$printf1       fz_ws.l(printf1.o)
    0x0800626a   0x00000000   Code   RO          689    x$fpl$usenofp       fz_ws.l(usenofp.o)
    0x0800626a   0x00000002   PAD
    0x0800626c   0x000000c0   Data   RO            3    .constdata          main.o
    0x0800632c   0x00000200   Data   RO          330    .constdata          crc16.o
    0x0800652c   0x00000028   Data   RO          558    .constdata          c_w.l(_printf_hex_int.o)
    0x08006554   0x00000011   Data   RO          588    .constdata          c_w.l(__printf_flags_wp.o)
    0x08006565   0x0000000c   Data   RO          678    .constdata          c_w.l(_monlen.o)
    0x08006571   0x00000003   PAD
    0x08006574   0x00000094   Data   RO          727    .constdata          c_w.l(bigflt0.o)
    0x08006608   0x00000020   Data   RO          904    Region$$Table       anon$$obj.o
    0x08006628   0x0000001c   Data   RO          755    locale$$data        c_w.l(lc_numeric_c.o)
    0x08006644   0x00000110   Data   RO          770    locale$$data        c_w.l(lc_ctype_c.o)


    Execution Region RW_IRAM1 (Base: 0x20000000, Size: 0x00000da0, Max: 0x00010000, ABSOLUTE)

    Base Addr    Size         Type   Attr      Idx    E Section Name        Object

    0x20000000   0x00000033   Data   RW            4    .data               main.o
    0x20000033   0x00000001   PAD
    0x20000034   0x00000014   Data   RW          151    .data               system_stm32f10x.o
    0x20000048   0x00000001   Data   RW          181    .data               key.o
    0x20000049   0x00000035   Data   RW          244    .data               sd_card.o
    0x2000007e   0x00000002   Data   RW          259    .data               files_sd.o
    0x20000080   0x00000004   Data   RW          274    .data               delay.o
    0x20000084   0x00000010   Data   RW          301    .data               usart.o
    0x20000094   0x00000014   Data   RW          449    .data               stm32f10x_rcc.o
    0x200000a8   0x00000004   Data   RW          603    .data               c_w.l(strtok.o)
    0x200000ac   0x000004e0   Zero   RW            2    .bss                main.o
    0x2000058c   0x0000001e   Zero   RW          243    .bss                sd_card.o
    0x200005aa   0x00000096   Zero   RW          300    .bss                usart.o
    0x20000640   0x000000d2   Zero   RW          389    .bss                calib.o
    0x20000712   0x00000002   PAD
    0x20000714   0x0000002c   Zero   RW          614    .bss                c_w.l(localtime.o)
    0x20000740   0x00000060   Zero   RW          691    .bss                c_w.l(libspace.o)
    0x200007a0   0x00000200   Zero   RW          418    HEAP                startup_stm32f10x_hd.o
    0x200009a0   0x00000400   Zero   RW          417    STACK               startup_stm32f10x_hd.o


==============================================================================

Image component sizes


      Code (inc. data)   RO Data    RW Data    ZI Data      Debug   Object Name

       552          8          0          0        210       1763   calib.o
         0          0          0          0          0         32   core_cm3.o
       128          8        512          0          0       1629   crc16.o
       370          0          0          0          0       2643   dataflash.o
       212         18          0          4          0       1059   delay.o
       692         12          0          0          0       2545   ds18b20.o
       656         42          0          2          0       1722   files_sd.o
       268         12          0          1          0        852   key.o
       348         12          0          0          0        635   led.o
      2048        238        192         51       1248     243629   main.o
       280         28          0          0          0       1829   misc.o
       434          0          0          0          0       3863   rtc.o
       768         38          0         53         30       3414   sd_card.o
        64         26        304          0       1536        804   startup_stm32f10x_hd.o
       236         36          0          0          0       3428   stm32f10x_bkp.o
      1732         50          0          0          0       8330   stm32f10x_flash.o
      1048         46          0          0          0       5861   stm32f10x_gpio.o
        26          0          0          0          0       1190   stm32f10x_it.o
       256         16          0          0          0       1987   stm32f10x_pwr.o
      1188         64          0         20          0       9032   stm32f10x_rcc.o
       420         32          0          0          0       2754   stm32f10x_rtc.o
      1274         20          0          0          0       8536   stm32f10x_usart.o
        12          0          0          0          0        461   sys.o
       504         38          0         20          0       1787   system_stm32f10x.o
      3136        166          0         16        150      11289   usart.o

    ----------------------------------------------------------------------
     16660        910       1040        168       3176     321074   Object Totals
         0          0         32          0          0          0   (incl. Generated)
         8          0          0          1          2          2   (incl. Padding)

    ----------------------------------------------------------------------

      Code (inc. data)   RO Data    RW Data    ZI Data      Debug   Library Member Name

         8          0          0          0          0         68   __main.o
       324          6         17          0          0         92   __printf_flags_wp.o
        14          0          0          0          0         68   __printf_wp.o
        52          8          0          0          0          0   __scatter.o
        26          0          0          0          0          0   __scatter_copy.o
        28          0          0          0          0          0   __scatter_zi.o
        32          0          0          0          0         68   _chval.o
         0          0         12          0          0          0   _monlen.o
        44          0          0          0          0        108   _printf_char.o
        48          6          0          0          0         96   _printf_char_common.o
        36          4          0          0          0         80   _printf_char_file.o
         6          0          0          0          0          0   _printf_d.o
       120         18          0          0          0         92   _printf_dec.o
         6          0          0          0          0          0   _printf_f.o
      1066          0          0          0          0        216   _printf_fp_dec.o
       124         16          0          0          0         84   _printf_fp_infnan.o
        92          4         40          0          0         88   _printf_hex_int.o
       182          0          0          0          0         88   _printf_intcommon.o
        80          0          0          0          0        108   _printf_pad.o
         0          0          0          0          0          0   _printf_percent.o
         4          0          0          0          0          0   _printf_percent_end.o
         6          0          0          0          0          0   _printf_s.o
        82          0          0          0          0         80   _printf_str.o
         6          0          0          0          0          0   _printf_x.o
        10          0          0          0          0         68   _sputc.o
       158          0          0          0          0         92   _strtoul.o
        26          0          0          0          0         80   atoi.o
       228          6        148          0          0         96   bigflt0.o
      1910        128          0          0          0        672   btod.o
        12          0          0          0          0         68   exit.o
         8          0          0          0          0         68   ferror.o
         6          0          0          0          0        152   heapauxi.o
        44         10        272          0          0         76   lc_ctype_c.o
        44         10         28          0          0         76   lc_numeric_c.o
         6          0          0          0          0          0   libinit.o
        30          0          0          0          0          0   libinit2.o
         2          0          0          0          0          0   libshutdown.o
         2          0          0          0          0          0   libshutdown2.o
         8          4          0          0         96         68   libspace.o
       138          0          0          0          0         80   lludiv10.o
        12          6          0          0         44         68   localtime.o
       164          6          0          0          0         80   localtime_internal.o
       416          8          0          0          0        128   mktime.o
        24          4          0          0          0         84   noretval__2printf.o
        40          6          0          0          0         84   noretval__2sprintf.o
        16          4          0          0          0         76   rt_ctype_table.o
         8          4          0          0          0         68   rt_errno_addr_intlibspace.o
         8          4          0          0          0         68   rt_fp_status_addr_intlibspace.o
         8          4          0          0          0         68   rt_locale_intlibspace.o
        68          0          0          0          0         68   rt_memclr.o
        78          0          0          0          0         80   rt_memclr_w.o
       100          0          0          0          0         80   rt_memcpy_w.o
         0          0          0          0          0          0   rtentry.o
        12          0          0          0          0          0   rtentry2.o
         6          0          0          0          0          0   rtentry4.o
         2          0          0          0          0          0   rtexit.o
        10          0          0          0          0          0   rtexit2.o
       128          0          0          0          0         68   strcmpv7m.o
        32          0          0          0          0         80   strcspn.o
        62          0          0          0          0         76   strlen.o
        28          0          0          0          0         80   strspn.o
        12          6          0          4          0         68   strtok.o
        72          6          0          0          0         84   strtok_int.o
       112          0          0          0          0         88   strtol.o
        74          0          0          0          0         80   sys_stackheap_outer.o
         2          0          0          0          0         68   use_no_semi.o
         2          0          0          0          0         68   use_no_semi_2.o
        98          4          0          0          0         92   d2f.o
        46          0          0          0          0         68   dflt_clz.o
       340         12          0          0          0        104   dmul.o
       156          4          0          0          0         92   dnaninf.o
        12          0          0          0          0         68   dretinf.o
        86          4          0          0          0         84   f2d.o
       388         76          0          0          0         96   fdiv.o
        54          4          0          0          0         84   ffix.o
        48          0          0          0          0         68   fflt_clz.o
       258          4          0          0          0         84   fmul.o
       140          4          0          0          0         84   fnaninf.o
        14          0          0          0          0         76   fpinit.o
        10          0          0          0          0         68   fretinf.o
         4          0          0          0          0         68   printf1.o
         0          0          0          0          0          0   usenofp.o
        40          0          0          0          0         68   fpclassify.o

    ----------------------------------------------------------------------
      8232        390        520          4        140       5848   Library Totals
        24          0          3          0          0          0   (incl. Padding)

    ----------------------------------------------------------------------

      Code (inc. data)   RO Data    RW Data    ZI Data      Debug   Library Name

      6514        278        517          4        140       4644   c_w.l
      1654        112          0          0          0       1136   fz_ws.l
        40          0          0          0          0         68   m_ws.l

    ----------------------------------------------------------------------
      8232        390        520          4        140       5848   Library Totals

    ----------------------------------------------------------------------

==============================================================================


      Code (inc. data)   RO Data    RW Data    ZI Data      Debug   

     24892       1300       1560        172       3316     321152   Grand Totals
     24892       1300       1560        172       3316     321152   ELF Image Totals
     24892       1300       1560        172          0          0   ROM Totals

==============================================================================

    Total RO  Size (Code + RO Data)                26452 (  25.83kB)
    Total RW  Size (RW Data + ZI Data)              3488 (   3.41kB)
    Total ROM Size (Code + RO Data + RW Data)      26624 (  26.00kB)

==============================================================================

